#0 building with "default" instance using docker driver

#1 [internal] load build definition from Dockerfile.arm2-lerobot
#1 transferring dockerfile: 4.73kB done
#1 DONE 0.0s

#2 [internal] load metadata for docker.io/dustynv/pytorch:2.7-r36.4.0-cu128-24.04
#2 DONE 1.7s

#3 [internal] load .dockerignore
#3 transferring context: 2B done
#3 DONE 0.0s

#4 [1/7] FROM docker.io/dustynv/pytorch:2.7-r36.4.0-cu128-24.04@sha256:4bb7f0a3852f86629ed271aaf6c4aa000305cc4e4673b8e9f334668ee1b22bc8
#4 resolve docker.io/dustynv/pytorch:2.7-r36.4.0-cu128-24.04@sha256:4bb7f0a3852f86629ed271aaf6c4aa000305cc4e4673b8e9f334668ee1b22bc8 0.0s done
#4 DONE 0.0s

#5 [2/7] RUN apt-get update && apt-get install -y --no-install-recommends libsndfile1  && rm -rf /var/lib/apt/lists/*
#5 CACHED

#6 [3/7] RUN python3 -m pip freeze --exclude-editable > /opt/base_constraints.txt  && python3 -c "import numpy, torch; print('base numpy', numpy.__version__, 'torch', torch.__version__, 'cuda_available', torch.cuda.is_available())"  && python3 -c "assert tuple(map(int, __import__('torch').__version__.split('+')[0].split('.')[:2])) >= (2, 5), 'torch < 2.5 -- built wrong'; print('torch >= 2.5: OK')"  && (python3 -c "import torchvision; print('base torchvision', torchvision.__version__)"      || echo "torchvision MISSING from base image -- install the dusty-nv-matched wheel, never generic pip torchvision. Build fails at the gate below.")
#6 2.852 base numpy 2.2.4 torch 2.7.0 cuda_available False
#6 5.365 torch >= 2.5: OK
#6 9.387 base torchvision 0.22.0
#6 DONE 10.4s

#7 [4/7] RUN python3 -c "import cv2, cv2.aruco"  || python3 -m pip install -c /opt/base_constraints.txt --only-binary=:all:       --index-url https://pypi.org/simple opencv-contrib-python-headless
#7 0.489 Traceback (most recent call last):
#7 0.489   File "<string>", line 1, in <module>
#7 0.489 ModuleNotFoundError: No module named 'cv2'
#7 0.952 Using pip 25.0.1 from /opt/venv/lib/python3.12/site-packages/pip (python 3.12)
#7 1.238 Looking in indexes: https://pypi.org/simple, https://pypi.ngc.nvidia.com
#7 1.966 WARNING: Retrying (Retry(total=4, connect=None, read=None, redirect=None, status=None)) after connection broken by 'NewConnectionError('<pip._vendor.urllib3.connection.HTTPSConnection object at 0xffffa358df40>: Failed to establish a new connection: [Errno -2] Name or service not known')': /opencv-contrib-python-headless/
#7 2.489 WARNING: Retrying (Retry(total=3, connect=None, read=None, redirect=None, status=None)) after connection broken by 'NewConnectionError('<pip._vendor.urllib3.connection.HTTPSConnection object at 0xffffa358e5a0>: Failed to establish a new connection: [Errno -2] Name or service not known')': /opencv-contrib-python-headless/
#7 3.581 WARNING: Retrying (Retry(total=2, connect=None, read=None, redirect=None, status=None)) after connection broken by 'NewConnectionError('<pip._vendor.urllib3.connection.HTTPSConnection object at 0xffffa358e7e0>: Failed to establish a new connection: [Errno -2] Name or service not known')': /opencv-contrib-python-headless/
#7 5.606 WARNING: Retrying (Retry(total=1, connect=None, read=None, redirect=None, status=None)) after connection broken by 'NewConnectionError('<pip._vendor.urllib3.connection.HTTPSConnection object at 0xffffa358ea20>: Failed to establish a new connection: [Errno -2] Name or service not known')': /opencv-contrib-python-headless/
#7 9.647 WARNING: Retrying (Retry(total=0, connect=None, read=None, redirect=None, status=None)) after connection broken by 'NewConnectionError('<pip._vendor.urllib3.connection.HTTPSConnection object at 0xffffa358ec60>: Failed to establish a new connection: [Errno -2] Name or service not known')': /opencv-contrib-python-headless/
#7 9.757 Collecting opencv-contrib-python-headless
#7 9.758   Obtaining dependency information for opencv-contrib-python-headless from https://files.pythonhosted.org/packages/51/78/11f0704e94ebf92f748c789cf5d430d4459ae3649263c712d81772cc4360/opencv_contrib_python_headless-5.0.0.93-cp37-abi3-manylinux_2_28_aarch64.whl.metadata
#7 9.968   Downloading opencv_contrib_python_headless-5.0.0.93-cp37-abi3-manylinux_2_28_aarch64.whl.metadata (19 kB)
#7 10.01 Requirement already satisfied: numpy>=2 in /opt/venv/lib/python3.12/site-packages (from opencv-contrib-python-headless) (2.2.4)
#7 10.03 Downloading opencv_contrib_python_headless-5.0.0.93-cp37-abi3-manylinux_2_28_aarch64.whl (44.4 MB)
#7 76.85    ━━━━━━━━━━━━━━━━━━━━━━━━━━━━━━━━━━━━━━━━ 44.4/44.4 MB 650.5 kB/s eta 0:00:00
#7 77.19 Installing collected packages: opencv-contrib-python-headless
#7 77.88 Successfully installed opencv-contrib-python-headless-5.0.0.93
#7 DONE 78.2s

#8 [5/7] RUN python3 -m pip install -c /opt/base_constraints.txt --only-binary=:all:       --index-url https://pypi.org/simple       'lerobot[smolvla]==0.4.4'  && (python3 -m pip check || echo "pip check reported issues above -- informational; the import gate below is the real check.")
#8 0.773 Using pip 25.0.1 from /opt/venv/lib/python3.12/site-packages/pip (python 3.12)
#8 1.062 Looking in indexes: https://pypi.org/simple, https://pypi.ngc.nvidia.com
#8 1.419 WARNING: Retrying (Retry(total=4, connect=None, read=None, redirect=None, status=None)) after connection broken by 'NewConnectionError('<pip._vendor.urllib3.connection.HTTPSConnection object at 0xffff8ab6e810>: Failed to establish a new connection: [Errno -2] Name or service not known')': /lerobot/
#8 1.960 WARNING: Retrying (Retry(total=3, connect=None, read=None, redirect=None, status=None)) after connection broken by 'NewConnectionError('<pip._vendor.urllib3.connection.HTTPSConnection object at 0xffff8ab6e9c0>: Failed to establish a new connection: [Errno -2] Name or service not known')': /lerobot/
#8 2.994 WARNING: Retrying (Retry(total=2, connect=None, read=None, redirect=None, status=None)) after connection broken by 'NewConnectionError('<pip._vendor.urllib3.connection.HTTPSConnection object at 0xffff8ab6ee70>: Failed to establish a new connection: [Errno -2] Name or service not known')': /lerobot/
#8 5.019 WARNING: Retrying (Retry(total=1, connect=None, read=None, redirect=None, status=None)) after connection broken by 'NewConnectionError('<pip._vendor.urllib3.connection.HTTPSConnection object at 0xffff8ab6f080>: Failed to establish a new connection: [Errno -2] Name or service not known')': /lerobot/
#8 9.060 WARNING: Retrying (Retry(total=0, connect=None, read=None, redirect=None, status=None)) after connection broken by 'NewConnectionError('<pip._vendor.urllib3.connection.HTTPSConnection object at 0xffff8ab6f290>: Failed to establish a new connection: [Errno -2] Name or service not known')': /lerobot/
#8 9.160 Collecting lerobot==0.4.4 (from lerobot[smolvla]==0.4.4)
#8 9.161   Obtaining dependency information for lerobot==0.4.4 from https://files.pythonhosted.org/packages/cb/2d/2c43b7d99346b04925313f485b8f99596aeb8094f556d4312da9f2e1ca60/lerobot-0.4.4-py3-none-any.whl.metadata
#8 9.886   Downloading lerobot-0.4.4-py3-none-any.whl.metadata (18 kB)
#8 10.17 WARNING: Retrying (Retry(total=4, connect=None, read=None, redirect=None, status=None)) after connection broken by 'NewConnectionError('<pip._vendor.urllib3.connection.HTTPSConnection object at 0xffff8abd3710>: Failed to establish a new connection: [Errno -2] Name or service not known')': /datasets/
#8 10.71 WARNING: Retrying (Retry(total=3, connect=None, read=None, redirect=None, status=None)) after connection broken by 'NewConnectionError('<pip._vendor.urllib3.connection.HTTPSConnection object at 0xffff8abd3ad0>: Failed to establish a new connection: [Errno -2] Name or service not known')': /datasets/
#8 11.75 WARNING: Retrying (Retry(total=2, connect=None, read=None, redirect=None, status=None)) after connection broken by 'NewConnectionError('<pip._vendor.urllib3.connection.HTTPSConnection object at 0xffff8abd3f50>: Failed to establish a new connection: [Errno -2] Name or service not known')': /datasets/
#8 13.77 WARNING: Retrying (Retry(total=1, connect=None, read=None, redirect=None, status=None)) after connection broken by 'NewConnectionError('<pip._vendor.urllib3.connection.HTTPSConnection object at 0xffff8ac01af0>: Failed to establish a new connection: [Errno -2] Name or service not known')': /datasets/
#8 17.82 WARNING: Retrying (Retry(total=0, connect=None, read=None, redirect=None, status=None)) after connection broken by 'NewConnectionError('<pip._vendor.urllib3.connection.HTTPSConnection object at 0xffff8ac02300>: Failed to establish a new connection: [Errno -2] Name or service not known')': /datasets/
#8 17.92 Collecting datasets<5.0.0,>=4.0.0 (from lerobot==0.4.4->lerobot[smolvla]==0.4.4)
#8 17.92   Obtaining dependency information for datasets<5.0.0,>=4.0.0 from https://files.pythonhosted.org/packages/65/99/00f3196036501b53032c4b1ab8337a0b978dee832ed276dae3815df4e8b5/datasets-4.8.5-py3-none-any.whl.metadata
#8 18.00   Downloading datasets-4.8.5-py3-none-any.whl.metadata (19 kB)
#8 18.31 WARNING: Retrying (Retry(total=4, connect=None, read=None, redirect=None, status=None)) after connection broken by 'NewConnectionError('<pip._vendor.urllib3.connection.HTTPSConnection object at 0xffff8aa8b170>: Failed to establish a new connection: [Errno -2] Name or service not known')': /diffusers/
#8 19.01 WARNING: Retrying (Retry(total=3, connect=None, read=None, redirect=None, status=None)) after connection broken by 'NewConnectionError('<pip._vendor.urllib3.connection.HTTPSConnection object at 0xffff8aa8b230>: Failed to establish a new connection: [Errno -2] Name or service not known')': /diffusers/
#8 20.04 WARNING: Retrying (Retry(total=2, connect=None, read=None, redirect=None, status=None)) after connection broken by 'NewConnectionError('<pip._vendor.urllib3.connection.HTTPSConnection object at 0xffff8aa88770>: Failed to establish a new connection: [Errno -2] Name or service not known')': /diffusers/
#8 22.06 WARNING: Retrying (Retry(total=1, connect=None, read=None, redirect=None, status=None)) after connection broken by 'NewConnectionError('<pip._vendor.urllib3.connection.HTTPSConnection object at 0xffff8aa88b60>: Failed to establish a new connection: [Errno -2] Name or service not known')': /diffusers/
#8 26.10 WARNING: Retrying (Retry(total=0, connect=None, read=None, redirect=None, status=None)) after connection broken by 'NewConnectionError('<pip._vendor.urllib3.connection.HTTPSConnection object at 0xffff8aa88fe0>: Failed to establish a new connection: [Errno -2] Name or service not known')': /diffusers/
#8 26.22 Collecting diffusers<0.36.0,>=0.27.2 (from lerobot==0.4.4->lerobot[smolvla]==0.4.4)
#8 26.22   Obtaining dependency information for diffusers<0.36.0,>=0.27.2 from https://files.pythonhosted.org/packages/2a/2e/38d9824f8c6bb048c5ba21c6d4da54c29c162a46b58b3ef907a360a76d3e/diffusers-0.35.2-py3-none-any.whl.metadata
#8 26.29   Downloading diffusers-0.35.2-py3-none-any.whl.metadata (20 kB)
#8 26.72 WARNING: Retrying (Retry(total=4, connect=None, read=None, redirect=None, status=None)) after connection broken by 'NewConnectionError('<pip._vendor.urllib3.connection.HTTPSConnection object at 0xffff8aadbaa0>: Failed to establish a new connection: [Errno -2] Name or service not known')': /huggingface-hub/
#8 27.31 WARNING: Retrying (Retry(total=3, connect=None, read=None, redirect=None, status=None)) after connection broken by 'NewConnectionError('<pip._vendor.urllib3.connection.HTTPSConnection object at 0xffff8aadbce0>: Failed to establish a new connection: [Errno -2] Name or service not known')': /huggingface-hub/
#8 28.33 WARNING: Retrying (Retry(total=2, connect=None, read=None, redirect=None, status=None)) after connection broken by 'NewConnectionError('<pip._vendor.urllib3.connection.HTTPSConnection object at 0xffff8aad90a0>: Failed to establish a new connection: [Errno -2] Name or service not known')': /huggingface-hub/
#8 30.36 WARNING: Retrying (Retry(total=1, connect=None, read=None, redirect=None, status=None)) after connection broken by 'NewConnectionError('<pip._vendor.urllib3.connection.HTTPSConnection object at 0xffff8aa34110>: Failed to establish a new connection: [Errno -2] Name or service not known')': /huggingface-hub/
#8 34.40 WARNING: Retrying (Retry(total=0, connect=None, read=None, redirect=None, status=None)) after connection broken by 'NewConnectionError('<pip._vendor.urllib3.connection.HTTPSConnection object at 0xffff8a9b81d0>: Failed to establish a new connection: [Errno -2] Name or service not known')': /huggingface-hub/
#8 34.53 Collecting huggingface-hub<0.36.0,>=0.34.2 (from huggingface-hub[cli,hf-transfer]<0.36.0,>=0.34.2->lerobot==0.4.4->lerobot[smolvla]==0.4.4)
#8 34.53   Obtaining dependency information for huggingface-hub<0.36.0,>=0.34.2 from https://files.pythonhosted.org/packages/31/a0/651f93d154cb72323358bf2bbae3e642bdb5d2f1bfc874d096f7cb159fa0/huggingface_hub-0.35.3-py3-none-any.whl.metadata
#8 34.54   Downloading huggingface_hub-0.35.3-py3-none-any.whl.metadata (14 kB)
#8 34.81 WARNING: Retrying (Retry(total=4, connect=None, read=None, redirect=None, status=None)) after connection broken by 'NewConnectionError('<pip._vendor.urllib3.connection.HTTPSConnection object at 0xffff8a9206e0>: Failed to establish a new connection: [Errno -2] Name or service not known')': /accelerate/
#8 35.33 WARNING: Retrying (Retry(total=3, connect=None, read=None, redirect=None, status=None)) after connection broken by 'NewConnectionError('<pip._vendor.urllib3.connection.HTTPSConnection object at 0xffff8a923e90>: Failed to establish a new connection: [Errno -2] Name or service not known')': /accelerate/
#8 36.36 WARNING: Retrying (Retry(total=2, connect=None, read=None, redirect=None, status=None)) after connection broken by 'NewConnectionError('<pip._vendor.urllib3.connection.HTTPSConnection object at 0xffff8aadb830>: Failed to establish a new connection: [Errno -2] Name or service not known')': /accelerate/
#8 38.38 WARNING: Retrying (Retry(total=1, connect=None, read=None, redirect=None, status=None)) after connection broken by 'NewConnectionError('<pip._vendor.urllib3.connection.HTTPSConnection object at 0xffff8a9501d0>: Failed to establish a new connection: [Errno -2] Name or service not known')': /accelerate/
#8 42.42 WARNING: Retrying (Retry(total=0, connect=None, read=None, redirect=None, status=None)) after connection broken by 'NewConnectionError('<pip._vendor.urllib3.connection.HTTPSConnection object at 0xffff8a950560>: Failed to establish a new connection: [Errno -2] Name or service not known')': /accelerate/
#8 42.49 Collecting accelerate<2.0.0,>=1.10.0 (from lerobot==0.4.4->lerobot[smolvla]==0.4.4)
#8 42.49   Obtaining dependency information for accelerate<2.0.0,>=1.10.0 from https://files.pythonhosted.org/packages/8a/4c/34f0450479d01195027260da68d8a3880683f1640c3ca5adf64acb3185f1/accelerate-1.15.0-py3-none-any.whl.metadata
#8 42.50   Downloading accelerate-1.15.0-py3-none-any.whl.metadata (19 kB)
#8 42.57 Requirement already satisfied: setuptools<81.0.0,>=71.0.0 in /opt/venv/lib/python3.12/site-packages (from lerobot==0.4.4->lerobot[smolvla]==0.4.4) (78.1.0)
#8 42.58 Requirement already satisfied: cmake<4.2.0,>=3.29.0.1 in /opt/venv/lib/python3.12/site-packages (from lerobot==0.4.4->lerobot[smolvla]==0.4.4) (4.0.0)
#8 42.64 WARNING: Retrying (Retry(total=4, connect=None, read=None, redirect=None, status=None)) after connection broken by 'NewConnectionError('<pip._vendor.urllib3.connection.HTTPSConnection object at 0xffff8a85f650>: Failed to establish a new connection: [Errno -2] Name or service not known')': /einops/
#8 43.28 WARNING: Retrying (Retry(total=3, connect=None, read=None, redirect=None, status=None)) after connection broken by 'NewConnectionError('<pip._vendor.urllib3.connection.HTTPSConnection object at 0xffff8a874290>: Failed to establish a new connection: [Errno -2] Name or service not known')': /einops/
#8 44.39 WARNING: Retrying (Retry(total=2, connect=None, read=None, redirect=None, status=None)) after connection broken by 'NewConnectionError('<pip._vendor.urllib3.connection.HTTPSConnection object at 0xffff8a874530>: Failed to establish a new connection: [Errno -2] Name or service not known')': /einops/
#8 46.41 WARNING: Retrying (Retry(total=1, connect=None, read=None, redirect=None, status=None)) after connection broken by 'NewConnectionError('<pip._vendor.urllib3.connection.HTTPSConnection object at 0xffff8a8747a0>: Failed to establish a new connection: [Errno -2] Name or service not known')': /einops/
#8 50.45 WARNING: Retrying (Retry(total=0, connect=None, read=None, redirect=None, status=None)) after connection broken by 'NewConnectionError('<pip._vendor.urllib3.connection.HTTPSConnection object at 0xffff8a874a10>: Failed to establish a new connection: [Errno -2] Name or service not known')': /einops/
#8 50.58 Collecting einops<0.9.0,>=0.8.0 (from lerobot==0.4.4->lerobot[smolvla]==0.4.4)
#8 50.58   Obtaining dependency information for einops<0.9.0,>=0.8.0 from https://files.pythonhosted.org/packages/2a/09/f8d8f8f31e4483c10a906437b4ce31bdf3d6d417b73fe33f1a8b59e34228/einops-0.8.2-py3-none-any.whl.metadata
#8 50.59   Downloading einops-0.8.2-py3-none-any.whl.metadata (13 kB)
#8 50.91 WARNING: Retrying (Retry(total=4, connect=None, read=None, redirect=None, status=None)) after connection broken by 'NewConnectionError('<pip._vendor.urllib3.connection.HTTPSConnection object at 0xffff8a7f8230>: Failed to establish a new connection: [Errno -2] Name or service not known')': /opencv-python-headless/
#8 51.43 WARNING: Retrying (Retry(total=3, connect=None, read=None, redirect=None, status=None)) after connection broken by 'NewConnectionError('<pip._vendor.urllib3.connection.HTTPSConnection object at 0xffff8a7f84d0>: Failed to establish a new connection: [Errno -2] Name or service not known')': /opencv-python-headless/
#8 52.46 WARNING: Retrying (Retry(total=2, connect=None, read=None, redirect=None, status=None)) after connection broken by 'NewConnectionError('<pip._vendor.urllib3.connection.HTTPSConnection object at 0xffff8a7f8770>: Failed to establish a new connection: [Errno -2] Name or service not known')': /opencv-python-headless/
#8 54.48 WARNING: Retrying (Retry(total=1, connect=None, read=None, redirect=None, status=None)) after connection broken by 'NewConnectionError('<pip._vendor.urllib3.connection.HTTPSConnection object at 0xffff8a7f89e0>: Failed to establish a new connection: [Errno -2] Name or service not known')': /opencv-python-headless/
#8 58.52 WARNING: Retrying (Retry(total=0, connect=None, read=None, redirect=None, status=None)) after connection broken by 'NewConnectionError('<pip._vendor.urllib3.connection.HTTPSConnection object at 0xffff8a7f8c80>: Failed to establish a new connection: [Errno -2] Name or service not known')': /opencv-python-headless/
#8 58.57 Collecting opencv-python-headless<4.13.0,>=4.9.0 (from lerobot==0.4.4->lerobot[smolvla]==0.4.4)
#8 58.57   Obtaining dependency information for opencv-python-headless<4.13.0,>=4.9.0 from https://files.pythonhosted.org/packages/69/4e/116720df7f1f7f3b59abc608ca30fbec9d2b3ae810afe4e4d26483d9dfa0/opencv_python_headless-4.12.0.88-cp37-abi3-manylinux2014_aarch64.manylinux_2_17_aarch64.whl.metadata
#8 58.59   Downloading opencv_python_headless-4.12.0.88-cp37-abi3-manylinux2014_aarch64.manylinux_2_17_aarch64.whl.metadata (19 kB)
#8 58.87 WARNING: Retrying (Retry(total=4, connect=None, read=None, redirect=None, status=None)) after connection broken by 'NewConnectionError('<pip._vendor.urllib3.connection.HTTPSConnection object at 0xffff8a8804d0>: Failed to establish a new connection: [Errno -2] Name or service not known')': /av/
#8 59.46 WARNING: Retrying (Retry(total=3, connect=None, read=None, redirect=None, status=None)) after connection broken by 'NewConnectionError('<pip._vendor.urllib3.connection.HTTPSConnection object at 0xffff8a880710>: Failed to establish a new connection: [Errno -2] Name or service not known')': /av/
#8 60.48 WARNING: Retrying (Retry(total=2, connect=None, read=None, redirect=None, status=None)) after connection broken by 'NewConnectionError('<pip._vendor.urllib3.connection.HTTPSConnection object at 0xffff8a880920>: Failed to establish a new connection: [Errno -2] Name or service not known')': /av/
#8 62.51 WARNING: Retrying (Retry(total=1, connect=None, read=None, redirect=None, status=None)) after connection broken by 'NewConnectionError('<pip._vendor.urllib3.connection.HTTPSConnection object at 0xffff8a880bc0>: Failed to establish a new connection: [Errno -2] Name or service not known')': /av/
#8 66.55 WARNING: Retrying (Retry(total=0, connect=None, read=None, redirect=None, status=None)) after connection broken by 'NewConnectionError('<pip._vendor.urllib3.connection.HTTPSConnection object at 0xffff8a880e90>: Failed to establish a new connection: [Errno -2] Name or service not known')': /av/
#8 66.65 Collecting av<16.0.0,>=15.0.0 (from lerobot==0.4.4->lerobot[smolvla]==0.4.4)
#8 66.65   Obtaining dependency information for av<16.0.0,>=15.0.0 from https://files.pythonhosted.org/packages/f3/f8/2d781e5e71d02fc829487e775ccb1185e72f95340d05f2e84eb57a11e093/av-15.1.0-cp312-cp312-manylinux_2_28_aarch64.whl.metadata
#8 67.17   Downloading av-15.1.0-cp312-cp312-manylinux_2_28_aarch64.whl.metadata (4.6 kB)
#8 67.43 WARNING: Retrying (Retry(total=4, connect=None, read=None, redirect=None, status=None)) after connection broken by 'NewConnectionError('<pip._vendor.urllib3.connection.HTTPSConnection object at 0xffff8a881880>: Failed to establish a new connection: [Errno -2] Name or service not known')': /jsonlines/
#8 67.97 WARNING: Retrying (Retry(total=3, connect=None, read=None, redirect=None, status=None)) after connection broken by 'NewConnectionError('<pip._vendor.urllib3.connection.HTTPSConnection object at 0xffff8a882e70>: Failed to establish a new connection: [Errno -2] Name or service not known')': /jsonlines/
#8 69.00 WARNING: Retrying (Retry(total=2, connect=None, read=None, redirect=None, status=None)) after connection broken by 'NewConnectionError('<pip._vendor.urllib3.connection.HTTPSConnection object at 0xffff8a8813a0>: Failed to establish a new connection: [Errno -2] Name or service not known')': /jsonlines/
#8 71.02 WARNING: Retrying (Retry(total=1, connect=None, read=None, redirect=None, status=None)) after connection broken by 'NewConnectionError('<pip._vendor.urllib3.connection.HTTPSConnection object at 0xffff8a8805f0>: Failed to establish a new connection: [Errno -2] Name or service not known')': /jsonlines/
#8 75.05 WARNING: Retrying (Retry(total=0, connect=None, read=None, redirect=None, status=None)) after connection broken by 'NewConnectionError('<pip._vendor.urllib3.connection.HTTPSConnection object at 0xffff8a880ad0>: Failed to establish a new connection: [Errno -2] Name or service not known')': /jsonlines/
#8 75.09 Collecting jsonlines<5.0.0,>=4.0.0 (from lerobot==0.4.4->lerobot[smolvla]==0.4.4)
#8 75.09   Obtaining dependency information for jsonlines<5.0.0,>=4.0.0 from https://files.pythonhosted.org/packages/f8/62/d9ba6323b9202dd2fe166beab8a86d29465c41a0288cbe229fac60c1ab8d/jsonlines-4.0.0-py3-none-any.whl.metadata
#8 75.10   Downloading jsonlines-4.0.0-py3-none-any.whl.metadata (1.6 kB)
#8 75.11 Requirement already satisfied: packaging<26.0,>=24.2 in /opt/venv/lib/python3.12/site-packages (from lerobot==0.4.4->lerobot[smolvla]==0.4.4) (24.2)
#8 75.42 WARNING: Retrying (Retry(total=4, connect=None, read=None, redirect=None, status=None)) after connection broken by 'NewConnectionError('<pip._vendor.urllib3.connection.HTTPSConnection object at 0xffff8a8749e0>: Failed to establish a new connection: [Errno -2] Name or service not known')': /pynput/
#8 76.04 WARNING: Retrying (Retry(total=3, connect=None, read=None, redirect=None, status=None)) after connection broken by 'NewConnectionError('<pip._vendor.urllib3.connection.HTTPSConnection object at 0xffff8a874c20>: Failed to establish a new connection: [Errno -2] Name or service not known')': /pynput/
#8 77.07 WARNING: Retrying (Retry(total=2, connect=None, read=None, redirect=None, status=None)) after connection broken by 'NewConnectionError('<pip._vendor.urllib3.connection.HTTPSConnection object at 0xffff8a874950>: Failed to establish a new connection: [Errno -2] Name or service not known')': /pynput/
#8 79.09 WARNING: Retrying (Retry(total=1, connect=None, read=None, redirect=None, status=None)) after connection broken by 'NewConnectionError('<pip._vendor.urllib3.connection.HTTPSConnection object at 0xffff8a876b10>: Failed to establish a new connection: [Errno -2] Name or service not known')': /pynput/
#8 83.13 WARNING: Retrying (Retry(total=0, connect=None, read=None, redirect=None, status=None)) after connection broken by 'NewConnectionError('<pip._vendor.urllib3.connection.HTTPSConnection object at 0xffff8a876d20>: Failed to establish a new connection: [Errno -2] Name or service not known')': /pynput/
#8 83.19 Collecting pynput<1.9.0,>=1.7.7 (from lerobot==0.4.4->lerobot[smolvla]==0.4.4)
#8 83.19   Obtaining dependency information for pynput<1.9.0,>=1.7.7 from https://files.pythonhosted.org/packages/6d/98/bbeb760852adb27f166ce1617f0e51aabb15f21b1e60ea703f2aed3c78ac/pynput-1.8.2-py2.py3-none-any.whl.metadata
#8 83.20   Downloading pynput-1.8.2-py2.py3-none-any.whl.metadata (32 kB)
#8 83.33 WARNING: Retrying (Retry(total=4, connect=None, read=None, redirect=None, status=None)) after connection broken by 'NewConnectionError('<pip._vendor.urllib3.connection.HTTPSConnection object at 0xffff8a877a10>: Failed to establish a new connection: [Errno -2] Name or service not known')': /pyserial/
#8 83.92 WARNING: Retrying (Retry(total=3, connect=None, read=None, redirect=None, status=None)) after connection broken by 'NewConnectionError('<pip._vendor.urllib3.connection.HTTPSConnection object at 0xffff8a8b4620>: Failed to establish a new connection: [Errno -2] Name or service not known')': /pyserial/
#8 84.95 WARNING: Retrying (Retry(total=2, connect=None, read=None, redirect=None, status=None)) after connection broken by 'NewConnectionError('<pip._vendor.urllib3.connection.HTTPSConnection object at 0xffff8a8b4800>: Failed to establish a new connection: [Errno -2] Name or service not known')': /pyserial/
#8 86.98 WARNING: Retrying (Retry(total=1, connect=None, read=None, redirect=None, status=None)) after connection broken by 'NewConnectionError('<pip._vendor.urllib3.connection.HTTPSConnection object at 0xffff8a8b4a70>: Failed to establish a new connection: [Errno -2] Name or service not known')': /pyserial/
#8 91.03 WARNING: Retrying (Retry(total=0, connect=None, read=None, redirect=None, status=None)) after connection broken by 'NewConnectionError('<pip._vendor.urllib3.connection.HTTPSConnection object at 0xffff8a8b4b60>: Failed to establish a new connection: [Errno -2] Name or service not known')': /pyserial/
#8 91.12 Collecting pyserial<4.0,>=3.5 (from lerobot==0.4.4->lerobot[smolvla]==0.4.4)
#8 91.12   Obtaining dependency information for pyserial<4.0,>=3.5 from https://files.pythonhosted.org/packages/07/bc/587a445451b253b285629263eb51c2d8e9bcea4fc97826266d186f96f558/pyserial-3.5-py2.py3-none-any.whl.metadata
#8 91.13   Downloading pyserial-3.5-py2.py3-none-any.whl.metadata (1.6 kB)
#8 91.63 WARNING: Retrying (Retry(total=4, connect=None, read=None, redirect=None, status=None)) after connection broken by 'NewConnectionError('<pip._vendor.urllib3.connection.HTTPSConnection object at 0xffff8a876420>: Failed to establish a new connection: [Errno -2] Name or service not known')': /wandb/
#8 92.23 WARNING: Retrying (Retry(total=3, connect=None, read=None, redirect=None, status=None)) after connection broken by 'NewConnectionError('<pip._vendor.urllib3.connection.HTTPSConnection object at 0xffff8a7f8e90>: Failed to establish a new connection: [Errno -2] Name or service not known')': /wandb/
#8 93.25 WARNING: Retrying (Retry(total=2, connect=None, read=None, redirect=None, status=None)) after connection broken by 'NewConnectionError('<pip._vendor.urllib3.connection.HTTPSConnection object at 0xffff8a7fa540>: Failed to establish a new connection: [Errno -2] Name or service not known')': /wandb/
#8 95.28 WARNING: Retrying (Retry(total=1, connect=None, read=None, redirect=None, status=None)) after connection broken by 'NewConnectionError('<pip._vendor.urllib3.connection.HTTPSConnection object at 0xffff8a7f90a0>: Failed to establish a new connection: [Errno -2] Name or service not known')': /wandb/
#8 99.33 WARNING: Retrying (Retry(total=0, connect=None, read=None, redirect=None, status=None)) after connection broken by 'NewConnectionError('<pip._vendor.urllib3.connection.HTTPSConnection object at 0xffff8a7f8770>: Failed to establish a new connection: [Errno -2] Name or service not known')': /wandb/
#8 99.45 Collecting wandb<0.25.0,>=0.24.0 (from lerobot==0.4.4->lerobot[smolvla]==0.4.4)
#8 99.45   Obtaining dependency information for wandb<0.25.0,>=0.24.0 from https://files.pythonhosted.org/packages/3e/99/33b0281ac9a0b0c251195e6ce6cb310efa2f84ee117a15e9997fc2f9503b/wandb-0.24.2-py3-none-manylinux_2_28_aarch64.whl.metadata
#8 99.96   Downloading wandb-0.24.2-py3-none-manylinux_2_28_aarch64.whl.metadata (12 kB)
#8 100.0 Requirement already satisfied: torch<2.11.0,>=2.2.1 in /opt/venv/lib/python3.12/site-packages (from lerobot==0.4.4->lerobot[smolvla]==0.4.4) (2.7.0)
#8 100.0 Requirement already satisfied: torchvision<0.26.0,>=0.21.0 in /opt/venv/lib/python3.12/site-packages (from lerobot==0.4.4->lerobot[smolvla]==0.4.4) (0.22.0)
#8 100.3 WARNING: Retrying (Retry(total=4, connect=None, read=None, redirect=None, status=None)) after connection broken by 'NewConnectionError('<pip._vendor.urllib3.connection.HTTPSConnection object at 0xffff8a57ffe0>: Failed to establish a new connection: [Errno -2] Name or service not known')': /draccus/
#8 100.8 WARNING: Retrying (Retry(total=3, connect=None, read=None, redirect=None, status=None)) after connection broken by 'NewConnectionError('<pip._vendor.urllib3.connection.HTTPSConnection object at 0xffff8a57dfd0>: Failed to establish a new connection: [Errno -2] Name or service not known')': /draccus/
#8 101.9 WARNING: Retrying (Retry(total=2, connect=None, read=None, redirect=None, status=None)) after connection broken by 'NewConnectionError('<pip._vendor.urllib3.connection.HTTPSConnection object at 0xffff8a57ca40>: Failed to establish a new connection: [Errno -2] Name or service not known')': /draccus/
#8 103.9 WARNING: Retrying (Retry(total=1, connect=None, read=None, redirect=None, status=None)) after connection broken by 'NewConnectionError('<pip._vendor.urllib3.connection.HTTPSConnection object at 0xffff8a57cad0>: Failed to establish a new connection: [Errno -2] Name or service not known')': /draccus/
#8 107.9 WARNING: Retrying (Retry(total=0, connect=None, read=None, redirect=None, status=None)) after connection broken by 'NewConnectionError('<pip._vendor.urllib3.connection.HTTPSConnection object at 0xffff8a54aae0>: Failed to establish a new connection: [Errno -2] Name or service not known')': /draccus/
#8 108.1 Collecting draccus==0.10.0 (from lerobot==0.4.4->lerobot[smolvla]==0.4.4)
#8 108.1   Obtaining dependency information for draccus==0.10.0 from https://files.pythonhosted.org/packages/c4/9a/a83083b230d352ee5d205757b74006dbe084448ca45e3bc5ca99215b1e55/draccus-0.10.0-py3-none-any.whl.metadata
#8 108.2   Downloading draccus-0.10.0-py3-none-any.whl.metadata (24 kB)
#8 108.3 WARNING: Retrying (Retry(total=4, connect=None, read=None, redirect=None, status=None)) after connection broken by 'NewConnectionError('<pip._vendor.urllib3.connection.HTTPSConnection object at 0xffff8a913a40>: Failed to establish a new connection: [Errno -2] Name or service not known')': /gymnasium/
#8 109.0 WARNING: Retrying (Retry(total=3, connect=None, read=None, redirect=None, status=None)) after connection broken by 'NewConnectionError('<pip._vendor.urllib3.connection.HTTPSConnection object at 0xffff8a923860>: Failed to establish a new connection: [Errno -2] Name or service not known')': /gymnasium/
#8 110.0 WARNING: Retrying (Retry(total=2, connect=None, read=None, redirect=None, status=None)) after connection broken by 'NewConnectionError('<pip._vendor.urllib3.connection.HTTPSConnection object at 0xffff8a9139e0>: Failed to establish a new connection: [Errno -2] Name or service not known')': /gymnasium/
#8 112.1 WARNING: Retrying (Retry(total=1, connect=None, read=None, redirect=None, status=None)) after connection broken by 'NewConnectionError('<pip._vendor.urllib3.connection.HTTPSConnection object at 0xffff8a54ad80>: Failed to establish a new connection: [Errno -2] Name or service not known')': /gymnasium/
#8 116.1 WARNING: Retrying (Retry(total=0, connect=None, read=None, redirect=None, status=None)) after connection broken by 'NewConnectionError('<pip._vendor.urllib3.connection.HTTPSConnection object at 0xffff8a7f7f20>: Failed to establish a new connection: [Errno -2] Name or service not known')': /gymnasium/
#8 116.2 Collecting gymnasium<2.0.0,>=1.1.1 (from lerobot==0.4.4->lerobot[smolvla]==0.4.4)
#8 116.2   Obtaining dependency information for gymnasium<2.0.0,>=1.1.1 from https://files.pythonhosted.org/packages/38/4e/6a51be94ae8e9dc8eaddd6ea74a6dde754448c4c746b51a232681f81e41c/gymnasium-1.4.0-py3-none-any.whl.metadata
#8 116.2   Downloading gymnasium-1.4.0-py3-none-any.whl.metadata (9.0 kB)
#8 116.7 WARNING: Retrying (Retry(total=4, connect=None, read=None, redirect=None, status=None)) after connection broken by 'NewConnectionError('<pip._vendor.urllib3.connection.HTTPSConnection object at 0xffff8a5b0560>: Failed to establish a new connection: [Errno -2] Name or service not known')': /rerun-sdk/
#8 117.3 WARNING: Retrying (Retry(total=3, connect=None, read=None, redirect=None, status=None)) after connection broken by 'NewConnectionError('<pip._vendor.urllib3.connection.HTTPSConnection object at 0xffff8a910ad0>: Failed to establish a new connection: [Errno -2] Name or service not known')': /rerun-sdk/
#8 118.3 WARNING: Retrying (Retry(total=2, connect=None, read=None, redirect=None, status=None)) after connection broken by 'NewConnectionError('<pip._vendor.urllib3.connection.HTTPSConnection object at 0xffff8a912d80>: Failed to establish a new connection: [Errno -2] Name or service not known')': /rerun-sdk/
#8 120.4 WARNING: Retrying (Retry(total=1, connect=None, read=None, redirect=None, status=None)) after connection broken by 'NewConnectionError('<pip._vendor.urllib3.connection.HTTPSConnection object at 0xffff8a913aa0>: Failed to establish a new connection: [Errno -2] Name or service not known')': /rerun-sdk/
#8 124.4 WARNING: Retrying (Retry(total=0, connect=None, read=None, redirect=None, status=None)) after connection broken by 'NewConnectionError('<pip._vendor.urllib3.connection.HTTPSConnection object at 0xffff8a910260>: Failed to establish a new connection: [Errno -2] Name or service not known')': /rerun-sdk/
#8 124.5 Collecting rerun-sdk<0.27.0,>=0.24.0 (from lerobot==0.4.4->lerobot[smolvla]==0.4.4)
#8 124.5   Obtaining dependency information for rerun-sdk<0.27.0,>=0.24.0 from https://files.pythonhosted.org/packages/13/29/53d8d98799ab32418fd4ba6834d6a5749c31f56160d3c87f52a7219887e9/rerun_sdk-0.26.2-cp39-abi3-manylinux_2_28_aarch64.whl.metadata
#8 124.8   Downloading rerun_sdk-0.26.2-cp39-abi3-manylinux_2_28_aarch64.whl.metadata (4.6 kB)
#8 124.9 WARNING: Retrying (Retry(total=4, connect=None, read=None, redirect=None, status=None)) after connection broken by 'NewConnectionError('<pip._vendor.urllib3.connection.HTTPSConnection object at 0xffff8a57f950>: Failed to establish a new connection: [Errno -2] Name or service not known')': /deepdiff/
#8 125.4 WARNING: Retrying (Retry(total=3, connect=None, read=None, redirect=None, status=None)) after connection broken by 'NewConnectionError('<pip._vendor.urllib3.connection.HTTPSConnection object at 0xffff8a910ad0>: Failed to establish a new connection: [Errno -2] Name or service not known')': /deepdiff/
#8 126.5 WARNING: Retrying (Retry(total=2, connect=None, read=None, redirect=None, status=None)) after connection broken by 'NewConnectionError('<pip._vendor.urllib3.connection.HTTPSConnection object at 0xffff8a8820c0>: Failed to establish a new connection: [Errno -2] Name or service not known')': /deepdiff/
#8 128.5 WARNING: Retrying (Retry(total=1, connect=None, read=None, redirect=None, status=None)) after connection broken by 'NewConnectionError('<pip._vendor.urllib3.connection.HTTPSConnection object at 0xffff8a8820f0>: Failed to establish a new connection: [Errno -2] Name or service not known')': /deepdiff/
#8 132.5 WARNING: Retrying (Retry(total=0, connect=None, read=None, redirect=None, status=None)) after connection broken by 'NewConnectionError('<pip._vendor.urllib3.connection.HTTPSConnection object at 0xffff8a72a660>: Failed to establish a new connection: [Errno -2] Name or service not known')': /deepdiff/
#8 132.6 Collecting deepdiff<9.0.0,>=7.0.1 (from lerobot==0.4.4->lerobot[smolvla]==0.4.4)
#8 132.6   Obtaining dependency information for deepdiff<9.0.0,>=7.0.1 from https://files.pythonhosted.org/packages/2b/5f/c52bd1255db763d0cdcb7084d2e90c42119cb229302c56bdf1d0aa78abd2/deepdiff-8.6.2-py3-none-any.whl.metadata
#8 132.6   Downloading deepdiff-8.6.2-py3-none-any.whl.metadata (8.8 kB)
#8 132.8 WARNING: Retrying (Retry(total=4, connect=None, read=None, redirect=None, status=None)) after connection broken by 'NewConnectionError('<pip._vendor.urllib3.connection.HTTPSConnection object at 0xffff8a8b6a20>: Failed to establish a new connection: [Errno -2] Name or service not known')': /imageio/
#8 133.4 WARNING: Retrying (Retry(total=3, connect=None, read=None, redirect=None, status=None)) after connection broken by 'NewConnectionError('<pip._vendor.urllib3.connection.HTTPSConnection object at 0xffff8a8b5460>: Failed to establish a new connection: [Errno -2] Name or service not known')': /imageio/
#8 134.5 WARNING: Retrying (Retry(total=2, connect=None, read=None, redirect=None, status=None)) after connection broken by 'NewConnectionError('<pip._vendor.urllib3.connection.HTTPSConnection object at 0xffff8a74ec30>: Failed to establish a new connection: [Errno -2] Name or service not known')': /imageio/
#8 136.5 WARNING: Retrying (Retry(total=1, connect=None, read=None, redirect=None, status=None)) after connection broken by 'NewConnectionError('<pip._vendor.urllib3.connection.HTTPSConnection object at 0xffff8a74cfb0>: Failed to establish a new connection: [Errno -2] Name or service not known')': /imageio/
#8 140.6 WARNING: Retrying (Retry(total=0, connect=None, read=None, redirect=None, status=None)) after connection broken by 'NewConnectionError('<pip._vendor.urllib3.connection.HTTPSConnection object at 0xffff8a5eed20>: Failed to establish a new connection: [Errno -2] Name or service not known')': /imageio/
#8 140.7 Collecting imageio<3.0.0,>=2.34.0 (from imageio[ffmpeg]<3.0.0,>=2.34.0->lerobot==0.4.4->lerobot[smolvla]==0.4.4)
#8 140.7   Obtaining dependency information for imageio<3.0.0,>=2.34.0 from https://files.pythonhosted.org/packages/ba/4b/87a794e51d150f62a55715c453c9afbf6103fe24afef6db26a929a8480b7/imageio-2.38.0-py3-none-any.whl.metadata
#8 140.8   Downloading imageio-2.38.0-py3-none-any.whl.metadata (9.7 kB)
#8 140.9 WARNING: Retrying (Retry(total=4, connect=None, read=None, redirect=None, status=None)) after connection broken by 'NewConnectionError('<pip._vendor.urllib3.connection.HTTPSConnection object at 0xffff8a6de990>: Failed to establish a new connection: [Errno -2] Name or service not known')': /termcolor/
#8 141.4 WARNING: Retrying (Retry(total=3, connect=None, read=None, redirect=None, status=None)) after connection broken by 'NewConnectionError('<pip._vendor.urllib3.connection.HTTPSConnection object at 0xffff8a712720>: Failed to establish a new connection: [Errno -2] Name or service not known')': /termcolor/
#8 142.5 WARNING: Retrying (Retry(total=2, connect=None, read=None, redirect=None, status=None)) after connection broken by 'NewConnectionError('<pip._vendor.urllib3.connection.HTTPSConnection object at 0xffff8a41cad0>: Failed to establish a new connection: [Errno -2] Name or service not known')': /termcolor/
#8 144.5 WARNING: Retrying (Retry(total=1, connect=None, read=None, redirect=None, status=None)) after connection broken by 'NewConnectionError('<pip._vendor.urllib3.connection.HTTPSConnection object at 0xffff8a41cd70>: Failed to establish a new connection: [Errno -2] Name or service not known')': /termcolor/
#8 148.5 WARNING: Retrying (Retry(total=0, connect=None, read=None, redirect=None, status=None)) after connection broken by 'NewConnectionError('<pip._vendor.urllib3.connection.HTTPSConnection object at 0xffff8a41cfb0>: Failed to establish a new connection: [Errno -2] Name or service not known')': /termcolor/
#8 148.7 Collecting termcolor<4.0.0,>=2.4.0 (from lerobot==0.4.4->lerobot[smolvla]==0.4.4)
#8 148.7   Obtaining dependency information for termcolor<4.0.0,>=2.4.0 from https://files.pythonhosted.org/packages/33/d1/8bb87d21e9aeb323cc03034f5eaf2c8f69841e40e4853c2627edf8111ed3/termcolor-3.3.0-py3-none-any.whl.metadata
#8 148.7   Downloading termcolor-3.3.0-py3-none-any.whl.metadata (6.5 kB)
#8 148.8 WARNING: Retrying (Retry(total=4, connect=None, read=None, redirect=None, status=None)) after connection broken by 'NewConnectionError('<pip._vendor.urllib3.connection.HTTPSConnection object at 0xffff8a6ff0e0>: Failed to establish a new connection: [Errno -2] Name or service not known')': /num2words/
#8 149.4 WARNING: Retrying (Retry(total=3, connect=None, read=None, redirect=None, status=None)) after connection broken by 'NewConnectionError('<pip._vendor.urllib3.connection.HTTPSConnection object at 0xffff8a6ff650>: Failed to establish a new connection: [Errno -2] Name or service not known')': /num2words/
#8 150.4 WARNING: Retrying (Retry(total=2, connect=None, read=None, redirect=None, status=None)) after connection broken by 'NewConnectionError('<pip._vendor.urllib3.connection.HTTPSConnection object at 0xffff8a6ff8f0>: Failed to establish a new connection: [Errno -2] Name or service not known')': /num2words/
#8 152.4 WARNING: Retrying (Retry(total=1, connect=None, read=None, redirect=None, status=None)) after connection broken by 'NewConnectionError('<pip._vendor.urllib3.connection.HTTPSConnection object at 0xffff8a6ffb30>: Failed to establish a new connection: [Errno -2] Name or service not known')': /num2words/
#8 156.5 WARNING: Retrying (Retry(total=0, connect=None, read=None, redirect=None, status=None)) after connection broken by 'NewConnectionError('<pip._vendor.urllib3.connection.HTTPSConnection object at 0xffff8a6ffda0>: Failed to establish a new connection: [Errno -2] Name or service not known')': /num2words/
#8 156.5 Collecting num2words<0.6.0,>=0.5.14 (from lerobot[smolvla]==0.4.4)
#8 156.5   Obtaining dependency information for num2words<0.6.0,>=0.5.14 from https://files.pythonhosted.org/packages/d6/5b/545e9267a1cc080c8a1be2746113a063e34bcdd0f5173fd665a5c13cb234/num2words-0.5.14-py3-none-any.whl.metadata
#8 156.6   Downloading num2words-0.5.14-py3-none-any.whl.metadata (13 kB)
#8 157.2 WARNING: Retrying (Retry(total=4, connect=None, read=None, redirect=None, status=None)) after connection broken by 'NewConnectionError('<pip._vendor.urllib3.connection.HTTPSConnection object at 0xffff8a41c7d0>: Failed to establish a new connection: [Errno -2] Name or service not known')': /safetensors/
#8 157.7 WARNING: Retrying (Retry(total=3, connect=None, read=None, redirect=None, status=None)) after connection broken by 'NewConnectionError('<pip._vendor.urllib3.connection.HTTPSConnection object at 0xffff8a8b7fe0>: Failed to establish a new connection: [Errno -2] Name or service not known')': /safetensors/
#8 158.8 WARNING: Retrying (Retry(total=2, connect=None, read=None, redirect=None, status=None)) after connection broken by 'NewConnectionError('<pip._vendor.urllib3.connection.HTTPSConnection object at 0xffff89e40530>: Failed to establish a new connection: [Errno -2] Name or service not known')': /safetensors/
#8 160.8 WARNING: Retrying (Retry(total=1, connect=None, read=None, redirect=None, status=None)) after connection broken by 'NewConnectionError('<pip._vendor.urllib3.connection.HTTPSConnection object at 0xffff89e407a0>: Failed to establish a new connection: [Errno -2] Name or service not known')': /safetensors/
#8 164.8 WARNING: Retrying (Retry(total=0, connect=None, read=None, redirect=None, status=None)) after connection broken by 'NewConnectionError('<pip._vendor.urllib3.connection.HTTPSConnection object at 0xffff89e40950>: Failed to establish a new connection: [Errno -2] Name or service not known')': /safetensors/
#8 164.9 Collecting safetensors<1.0.0,>=0.4.3 (from lerobot[smolvla]==0.4.4)
#8 164.9   Obtaining dependency information for safetensors<1.0.0,>=0.4.3 from https://files.pythonhosted.org/packages/09/7d/65a7de0af421317bb36a067241e4235fff194eed60b961ed6d3f59a3fc60/safetensors-0.8.0-cp310-abi3-manylinux_2_17_aarch64.manylinux2014_aarch64.whl.metadata
#8 165.0   Downloading safetensors-0.8.0-cp310-abi3-manylinux_2_17_aarch64.manylinux2014_aarch64.whl.metadata (4.2 kB)
#8 165.2 WARNING: Retrying (Retry(total=4, connect=None, read=None, redirect=None, status=None)) after connection broken by 'NewConnectionError('<pip._vendor.urllib3.connection.HTTPSConnection object at 0xffff89eca570>: Failed to establish a new connection: [Errno -2] Name or service not known')': /mergedeep/
#8 165.9 WARNING: Retrying (Retry(total=3, connect=None, read=None, redirect=None, status=None)) after connection broken by 'NewConnectionError('<pip._vendor.urllib3.connection.HTTPSConnection object at 0xffff89ecb080>: Failed to establish a new connection: [Errno -2] Name or service not known')': /mergedeep/
#8 167.0 WARNING: Retrying (Retry(total=2, connect=None, read=None, redirect=None, status=None)) after connection broken by 'NewConnectionError('<pip._vendor.urllib3.connection.HTTPSConnection object at 0xffff89ecb1d0>: Failed to establish a new connection: [Errno -2] Name or service not known')': /mergedeep/
#8 169.0 WARNING: Retrying (Retry(total=1, connect=None, read=None, redirect=None, status=None)) after connection broken by 'NewConnectionError('<pip._vendor.urllib3.connection.HTTPSConnection object at 0xffff89ecb230>: Failed to establish a new connection: [Errno -2] Name or service not known')': /mergedeep/
#8 173.0 WARNING: Retrying (Retry(total=0, connect=None, read=None, redirect=None, status=None)) after connection broken by 'NewConnectionError('<pip._vendor.urllib3.connection.HTTPSConnection object at 0xffff89ecb680>: Failed to establish a new connection: [Errno -2] Name or service not known')': /mergedeep/
#8 173.1 Collecting mergedeep~=1.3 (from draccus==0.10.0->lerobot==0.4.4->lerobot[smolvla]==0.4.4)
#8 173.1   Obtaining dependency information for mergedeep~=1.3 from https://files.pythonhosted.org/packages/2c/19/04f9b178c2d8a15b076c8b5140708fa6ffc5601fb6f1e975537072df5b2a/mergedeep-1.3.4-py3-none-any.whl.metadata
#8 173.2   Downloading mergedeep-1.3.4-py3-none-any.whl.metadata (4.3 kB)
#8 173.2 Requirement already satisfied: pyyaml~=6.0 in /opt/venv/lib/python3.12/site-packages (from draccus==0.10.0->lerobot==0.4.4->lerobot[smolvla]==0.4.4) (6.0.2)
#8 173.6 WARNING: Retrying (Retry(total=4, connect=None, read=None, redirect=None, status=None)) after connection broken by 'NewConnectionError('<pip._vendor.urllib3.connection.HTTPSConnection object at 0xffff89ef8aa0>: Failed to establish a new connection: [Errno -2] Name or service not known')': /pyyaml-include/
#8 174.2 WARNING: Retrying (Retry(total=3, connect=None, read=None, redirect=None, status=None)) after connection broken by 'NewConnectionError('<pip._vendor.urllib3.connection.HTTPSConnection object at 0xffff89ef9250>: Failed to establish a new connection: [Errno -2] Name or service not known')': /pyyaml-include/
#8 175.3 WARNING: Retrying (Retry(total=2, connect=None, read=None, redirect=None, status=None)) after connection broken by 'NewConnectionError('<pip._vendor.urllib3.connection.HTTPSConnection object at 0xffff89ef9a30>: Failed to establish a new connection: [Errno -2] Name or service not known')': /pyyaml-include/
#8 177.4 WARNING: Retrying (Retry(total=1, connect=None, read=None, redirect=None, status=None)) after connection broken by 'NewConnectionError('<pip._vendor.urllib3.connection.HTTPSConnection object at 0xffff89ef9be0>: Failed to establish a new connection: [Errno -2] Name or service not known')': /pyyaml-include/
#8 181.4 WARNING: Retrying (Retry(total=0, connect=None, read=None, redirect=None, status=None)) after connection broken by 'NewConnectionError('<pip._vendor.urllib3.connection.HTTPSConnection object at 0xffff89ef9e20>: Failed to establish a new connection: [Errno -2] Name or service not known')': /pyyaml-include/
#8 181.5 Collecting pyyaml-include~=1.4 (from draccus==0.10.0->lerobot==0.4.4->lerobot[smolvla]==0.4.4)
#8 181.5   Obtaining dependency information for pyyaml-include~=1.4 from https://files.pythonhosted.org/packages/d5/ca/6a2cc3a73170d10b5af1f1613baa2ed1f8f46f62dd0bfab2bffd2c2fe260/pyyaml_include-1.4.1-py3-none-any.whl.metadata
#8 181.5   Downloading pyyaml_include-1.4.1-py3-none-any.whl.metadata (1.3 kB)
#8 181.7 WARNING: Retrying (Retry(total=4, connect=None, read=None, redirect=None, status=None)) after connection broken by 'NewConnectionError('<pip._vendor.urllib3.connection.HTTPSConnection object at 0xffff89efb410>: Failed to establish a new connection: [Errno -2] Name or service not known')': /toml/
#8 182.3 WARNING: Retrying (Retry(total=3, connect=None, read=None, redirect=None, status=None)) after connection broken by 'NewConnectionError('<pip._vendor.urllib3.connection.HTTPSConnection object at 0xffff89efba70>: Failed to establish a new connection: [Errno -2] Name or service not known')': /toml/
#8 183.4 WARNING: Retrying (Retry(total=2, connect=None, read=None, redirect=None, status=None)) after connection broken by 'NewConnectionError('<pip._vendor.urllib3.connection.HTTPSConnection object at 0xffff89efb1d0>: Failed to establish a new connection: [Errno -2] Name or service not known')': /toml/
#8 185.4 WARNING: Retrying (Retry(total=1, connect=None, read=None, redirect=None, status=None)) after connection broken by 'NewConnectionError('<pip._vendor.urllib3.connection.HTTPSConnection object at 0xffff89ecbb90>: Failed to establish a new connection: [Errno -2] Name or service not known')': /toml/
#8 189.4 WARNING: Retrying (Retry(total=0, connect=None, read=None, redirect=None, status=None)) after connection broken by 'NewConnectionError('<pip._vendor.urllib3.connection.HTTPSConnection object at 0xffff89efbfb0>: Failed to establish a new connection: [Errno -2] Name or service not known')': /toml/
#8 189.5 Collecting toml~=0.10 (from draccus==0.10.0->lerobot==0.4.4->lerobot[smolvla]==0.4.4)
#8 189.5   Obtaining dependency information for toml~=0.10 from https://files.pythonhosted.org/packages/44/6f/7120676b6d73228c96e17f1f794d8ab046fc910d781c8d151120c3f1569e/toml-0.10.2-py2.py3-none-any.whl.metadata
#8 189.5   Downloading toml-0.10.2-py2.py3-none-any.whl.metadata (7.1 kB)
#8 189.6 WARNING: Retrying (Retry(total=4, connect=None, read=None, redirect=None, status=None)) after connection broken by 'NewConnectionError('<pip._vendor.urllib3.connection.HTTPSConnection object at 0xffff89ef8a10>: Failed to establish a new connection: [Errno -2] Name or service not known')': /typing-inspect/
#8 190.2 WARNING: Retrying (Retry(total=3, connect=None, read=None, redirect=None, status=None)) after connection broken by 'NewConnectionError('<pip._vendor.urllib3.connection.HTTPSConnection object at 0xffff8a43c4d0>: Failed to establish a new connection: [Errno -2] Name or service not known')': /typing-inspect/
#8 191.2 WARNING: Retrying (Retry(total=2, connect=None, read=None, redirect=None, status=None)) after connection broken by 'NewConnectionError('<pip._vendor.urllib3.connection.HTTPSConnection object at 0xffff8a43d1c0>: Failed to establish a new connection: [Errno -2] Name or service not known')': /typing-inspect/
#8 193.3 WARNING: Retrying (Retry(total=1, connect=None, read=None, redirect=None, status=None)) after connection broken by 'NewConnectionError('<pip._vendor.urllib3.connection.HTTPSConnection object at 0xffff8a43d430>: Failed to establish a new connection: [Errno -2] Name or service not known')': /typing-inspect/
#8 197.3 WARNING: Retrying (Retry(total=0, connect=None, read=None, redirect=None, status=None)) after connection broken by 'NewConnectionError('<pip._vendor.urllib3.connection.HTTPSConnection object at 0xffff8a43d5b0>: Failed to establish a new connection: [Errno -2] Name or service not known')': /typing-inspect/
#8 197.4 Collecting typing-inspect~=0.9.0 (from draccus==0.10.0->lerobot==0.4.4->lerobot[smolvla]==0.4.4)
#8 197.4   Obtaining dependency information for typing-inspect~=0.9.0 from https://files.pythonhosted.org/packages/65/f3/107a22063bf27bdccf2024833d3445f4eea42b2e598abfbd46f6a63b6cb0/typing_inspect-0.9.0-py3-none-any.whl.metadata
#8 197.4   Downloading typing_inspect-0.9.0-py3-none-any.whl.metadata (1.5 kB)
#8 197.4 Requirement already satisfied: numpy>=1.17 in /opt/venv/lib/python3.12/site-packages (from accelerate<2.0.0,>=1.10.0->lerobot==0.4.4->lerobot[smolvla]==0.4.4) (2.2.4)
#8 197.4 Requirement already satisfied: psutil in /opt/venv/lib/python3.12/site-packages (from accelerate<2.0.0,>=1.10.0->lerobot==0.4.4->lerobot[smolvla]==0.4.4) (7.0.0)
#8 197.5 Requirement already satisfied: filelock in /opt/venv/lib/python3.12/site-packages (from datasets<5.0.0,>=4.0.0->lerobot==0.4.4->lerobot[smolvla]==0.4.4) (3.18.0)
#8 198.0 WARNING: Retrying (Retry(total=4, connect=None, read=None, redirect=None, status=None)) after connection broken by 'NewConnectionError('<pip._vendor.urllib3.connection.HTTPSConnection object at 0xffff8a0a03b0>: Failed to establish a new connection: [Errno -2] Name or service not known')': /pyarrow/
#8 198.5 WARNING: Retrying (Retry(total=3, connect=None, read=None, redirect=None, status=None)) after connection broken by 'NewConnectionError('<pip._vendor.urllib3.connection.HTTPSConnection object at 0xffff8a0a05f0>: Failed to establish a new connection: [Errno -2] Name or service not known')': /pyarrow/
#8 199.5 WARNING: Retrying (Retry(total=2, connect=None, read=None, redirect=None, status=None)) after connection broken by 'NewConnectionError('<pip._vendor.urllib3.connection.HTTPSConnection object at 0xffff8a0a0860>: Failed to establish a new connection: [Errno -2] Name or service not known')': /pyarrow/
#8 201.6 WARNING: Retrying (Retry(total=1, connect=None, read=None, redirect=None, status=None)) after connection broken by 'NewConnectionError('<pip._vendor.urllib3.connection.HTTPSConnection object at 0xffff8a0a0a40>: Failed to establish a new connection: [Errno -2] Name or service not known')': /pyarrow/
#8 205.6 WARNING: Retrying (Retry(total=0, connect=None, read=None, redirect=None, status=None)) after connection broken by 'NewConnectionError('<pip._vendor.urllib3.connection.HTTPSConnection object at 0xffff8a0a0b30>: Failed to establish a new connection: [Errno -2] Name or service not known')': /pyarrow/
#8 205.7 Collecting pyarrow>=21.0.0 (from datasets<5.0.0,>=4.0.0->lerobot==0.4.4->lerobot[smolvla]==0.4.4)
#8 205.7   Obtaining dependency information for pyarrow>=21.0.0 from https://files.pythonhosted.org/packages/13/49/d93a57d375f4bf0cf82913dd6bb54acafde83dd993be2282c81ac5616cad/pyarrow-25.0.1-cp312-cp312-manylinux_2_28_aarch64.whl.metadata
#8 205.7   Downloading pyarrow-25.0.1-cp312-cp312-manylinux_2_28_aarch64.whl.metadata (3.0 kB)
#8 205.8 WARNING: Retrying (Retry(total=4, connect=None, read=None, redirect=None, status=None)) after connection broken by 'NewConnectionError('<pip._vendor.urllib3.connection.HTTPSConnection object at 0xffff8a0a1cd0>: Failed to establish a new connection: [Errno -2] Name or service not known')': /dill/
#8 206.4 WARNING: Retrying (Retry(total=3, connect=None, read=None, redirect=None, status=None)) after connection broken by 'NewConnectionError('<pip._vendor.urllib3.connection.HTTPSConnection object at 0xffff8a0a2690>: Failed to establish a new connection: [Errno -2] Name or service not known')': /dill/
#8 207.5 WARNING: Retrying (Retry(total=2, connect=None, read=None, redirect=None, status=None)) after connection broken by 'NewConnectionError('<pip._vendor.urllib3.connection.HTTPSConnection object at 0xffff8a0a1df0>: Failed to establish a new connection: [Errno -2] Name or service not known')': /dill/
#8 209.5 WARNING: Retrying (Retry(total=1, connect=None, read=None, redirect=None, status=None)) after connection broken by 'NewConnectionError('<pip._vendor.urllib3.connection.HTTPSConnection object at 0xffff8a0a2630>: Failed to establish a new connection: [Errno -2] Name or service not known')': /dill/
#8 213.6 WARNING: Retrying (Retry(total=0, connect=None, read=None, redirect=None, status=None)) after connection broken by 'NewConnectionError('<pip._vendor.urllib3.connection.HTTPSConnection object at 0xffff8a0a3830>: Failed to establish a new connection: [Errno -2] Name or service not known')': /dill/
#8 213.7 Collecting dill<0.4.2,>=0.3.0 (from datasets<5.0.0,>=4.0.0->lerobot==0.4.4->lerobot[smolvla]==0.4.4)
#8 213.7   Obtaining dependency information for dill<0.4.2,>=0.3.0 from https://files.pythonhosted.org/packages/1e/77/dc8c558f7593132cf8fefec57c4f60c83b16941c574ac5f619abb3ae7933/dill-0.4.1-py3-none-any.whl.metadata
#8 213.7   Downloading dill-0.4.1-py3-none-any.whl.metadata (10 kB)
#8 214.4 WARNING: Retrying (Retry(total=4, connect=None, read=None, redirect=None, status=None)) after connection broken by 'NewConnectionError('<pip._vendor.urllib3.connection.HTTPSConnection object at 0xffff8a6ffad0>: Failed to establish a new connection: [Errno -2] Name or service not known')': /pandas/
#8 215.0 WARNING: Retrying (Retry(total=3, connect=None, read=None, redirect=None, status=None)) after connection broken by 'NewConnectionError('<pip._vendor.urllib3.connection.HTTPSConnection object at 0xffff8a6ff9b0>: Failed to establish a new connection: [Errno -2] Name or service not known')': /pandas/
#8 216.0 WARNING: Retrying (Retry(total=2, connect=None, read=None, redirect=None, status=None)) after connection broken by 'NewConnectionError('<pip._vendor.urllib3.connection.HTTPSConnection object at 0xffff8a6febd0>: Failed to establish a new connection: [Errno -2] Name or service not known')': /pandas/
#8 218.1 WARNING: Retrying (Retry(total=1, connect=None, read=None, redirect=None, status=None)) after connection broken by 'NewConnectionError('<pip._vendor.urllib3.connection.HTTPSConnection object at 0xffff8a6feb70>: Failed to establish a new connection: [Errno -2] Name or service not known')': /pandas/
#8 222.1 WARNING: Retrying (Retry(total=0, connect=None, read=None, redirect=None, status=None)) after connection broken by 'NewConnectionError('<pip._vendor.urllib3.connection.HTTPSConnection object at 0xffff8a6fcda0>: Failed to establish a new connection: [Errno -2] Name or service not known')': /pandas/
#8 222.2 Collecting pandas (from datasets<5.0.0,>=4.0.0->lerobot==0.4.4->lerobot[smolvla]==0.4.4)
#8 222.2   Obtaining dependency information for pandas from https://files.pythonhosted.org/packages/67/fa/613d867c3d9554a61bafdec6f79565c8a3e73235feb52cc4a72ad2e0fa6a/pandas-3.0.6-cp312-cp312-manylinux_2_24_aarch64.manylinux_2_28_aarch64.whl.metadata
#8 222.2   Downloading pandas-3.0.6-cp312-cp312-manylinux_2_24_aarch64.manylinux_2_28_aarch64.whl.metadata (79 kB)
#8 222.4 Requirement already satisfied: requests>=2.32.2 in /opt/venv/lib/python3.12/site-packages (from datasets<5.0.0,>=4.0.0->lerobot==0.4.4->lerobot[smolvla]==0.4.4) (2.32.3)
#8 222.4 Requirement already satisfied: httpx<1.0.0 in /opt/venv/lib/python3.12/site-packages (from datasets<5.0.0,>=4.0.0->lerobot==0.4.4->lerobot[smolvla]==0.4.4) (0.28.1)
#8 222.4 Requirement already satisfied: tqdm>=4.66.3 in /opt/venv/lib/python3.12/site-packages (from datasets<5.0.0,>=4.0.0->lerobot==0.4.4->lerobot[smolvla]==0.4.4) (4.67.1)
#8 223.1 WARNING: Retrying (Retry(total=4, connect=None, read=None, redirect=None, status=None)) after connection broken by 'NewConnectionError('<pip._vendor.urllib3.connection.HTTPSConnection object at 0xffff8a3402c0>: Failed to establish a new connection: [Errno -2] Name or service not known')': /xxhash/
#8 223.6 WARNING: Retrying (Retry(total=3, connect=None, read=None, redirect=None, status=None)) after connection broken by 'NewConnectionError('<pip._vendor.urllib3.connection.HTTPSConnection object at 0xffff8a3404d0>: Failed to establish a new connection: [Errno -2] Name or service not known')': /xxhash/
#8 224.6 WARNING: Retrying (Retry(total=2, connect=None, read=None, redirect=None, status=None)) after connection broken by 'NewConnectionError('<pip._vendor.urllib3.connection.HTTPSConnection object at 0xffff8a3406b0>: Failed to establish a new connection: [Errno -2] Name or service not known')': /xxhash/
#8 226.6 WARNING: Retrying (Retry(total=1, connect=None, read=None, redirect=None, status=None)) after connection broken by 'NewConnectionError('<pip._vendor.urllib3.connection.HTTPSConnection object at 0xffff8a340080>: Failed to establish a new connection: [Errno -2] Name or service not known')': /xxhash/
#8 230.7 WARNING: Retrying (Retry(total=0, connect=None, read=None, redirect=None, status=None)) after connection broken by 'NewConnectionError('<pip._vendor.urllib3.connection.HTTPSConnection object at 0xffff8a340bf0>: Failed to establish a new connection: [Errno -2] Name or service not known')': /xxhash/
#8 230.8 Collecting xxhash (from datasets<5.0.0,>=4.0.0->lerobot==0.4.4->lerobot[smolvla]==0.4.4)
#8 230.8   Obtaining dependency information for xxhash from https://files.pythonhosted.org/packages/de/bb/542005206af59518bc8d78a210f1e0172217bc53beb32f64a5b632e72b6b/xxhash-4.0.1-cp312-cp312-manylinux2014_aarch64.manylinux_2_17_aarch64.manylinux_2_28_aarch64.whl.metadata
#8 230.8   Downloading xxhash-4.0.1-cp312-cp312-manylinux2014_aarch64.manylinux_2_17_aarch64.manylinux_2_28_aarch64.whl.metadata (17 kB)
#8 230.9 WARNING: Retrying (Retry(total=4, connect=None, read=None, redirect=None, status=None)) after connection broken by 'NewConnectionError('<pip._vendor.urllib3.connection.HTTPSConnection object at 0xffff8a340110>: Failed to establish a new connection: [Errno -2] Name or service not known')': /multiprocess/
#8 231.5 WARNING: Retrying (Retry(total=3, connect=None, read=None, redirect=None, status=None)) after connection broken by 'NewConnectionError('<pip._vendor.urllib3.connection.HTTPSConnection object at 0xffff8a340890>: Failed to establish a new connection: [Errno -2] Name or service not known')': /multiprocess/
#8 232.5 WARNING: Retrying (Retry(total=2, connect=None, read=None, redirect=None, status=None)) after connection broken by 'NewConnectionError('<pip._vendor.urllib3.connection.HTTPSConnection object at 0xffff8a3403b0>: Failed to establish a new connection: [Errno -2] Name or service not known')': /multiprocess/
#8 234.5 WARNING: Retrying (Retry(total=1, connect=None, read=None, redirect=None, status=None)) after connection broken by 'NewConnectionError('<pip._vendor.urllib3.connection.HTTPSConnection object at 0xffff8a3402c0>: Failed to establish a new connection: [Errno -2] Name or service not known')': /multiprocess/
#8 238.6 WARNING: Retrying (Retry(total=0, connect=None, read=None, redirect=None, status=None)) after connection broken by 'NewConnectionError('<pip._vendor.urllib3.connection.HTTPSConnection object at 0xffff8a343590>: Failed to establish a new connection: [Errno -2] Name or service not known')': /multiprocess/
#8 238.6 Collecting multiprocess<0.70.20 (from datasets<5.0.0,>=4.0.0->lerobot==0.4.4->lerobot[smolvla]==0.4.4)
#8 238.6   Obtaining dependency information for multiprocess<0.70.20 from https://files.pythonhosted.org/packages/71/70/38998b950a97ea279e6bd657575d22d1a2047256caf707d9a10fbce4f065/multiprocess-0.70.19-py312-none-any.whl.metadata
#8 238.6   Downloading multiprocess-0.70.19-py312-none-any.whl.metadata (7.5 kB)
#8 238.7 Requirement already satisfied: fsspec<=2026.2.0,>=2023.1.0 in /opt/venv/lib/python3.12/site-packages (from fsspec[http]<=2026.2.0,>=2023.1.0->datasets<5.0.0,>=4.0.0->lerobot==0.4.4->lerobot[smolvla]==0.4.4) (2025.3.2)
#8 238.9 WARNING: Retrying (Retry(total=4, connect=None, read=None, redirect=None, status=None)) after connection broken by 'NewConnectionError('<pip._vendor.urllib3.connection.HTTPSConnection object at 0xffff8a372b70>: Failed to establish a new connection: [Errno -2] Name or service not known')': /orderly-set/
#8 239.5 WARNING: Retrying (Retry(total=3, connect=None, read=None, redirect=None, status=None)) after connection broken by 'NewConnectionError('<pip._vendor.urllib3.connection.HTTPSConnection object at 0xffff8a3734d0>: Failed to establish a new connection: [Errno -2] Name or service not known')': /orderly-set/
#8 240.5 WARNING: Retrying (Retry(total=2, connect=None, read=None, redirect=None, status=None)) after connection broken by 'NewConnectionError('<pip._vendor.urllib3.connection.HTTPSConnection object at 0xffff8a373860>: Failed to establish a new connection: [Errno -2] Name or service not known')': /orderly-set/
#8 242.5 WARNING: Retrying (Retry(total=1, connect=None, read=None, redirect=None, status=None)) after connection broken by 'NewConnectionError('<pip._vendor.urllib3.connection.HTTPSConnection object at 0xffff8a373a10>: Failed to establish a new connection: [Errno -2] Name or service not known')': /orderly-set/
#8 246.6 WARNING: Retrying (Retry(total=0, connect=None, read=None, redirect=None, status=None)) after connection broken by 'NewConnectionError('<pip._vendor.urllib3.connection.HTTPSConnection object at 0xffff8a373bf0>: Failed to establish a new connection: [Errno -2] Name or service not known')': /orderly-set/
#8 246.6 Collecting orderly-set<6,>=5.4.1 (from deepdiff<9.0.0,>=7.0.1->lerobot==0.4.4->lerobot[smolvla]==0.4.4)
#8 246.6   Obtaining dependency information for orderly-set<6,>=5.4.1 from https://files.pythonhosted.org/packages/12/27/fb8d7338b4d551900fa3e580acbe7a0cf655d940e164cb5c00ec31961094/orderly_set-5.5.0-py3-none-any.whl.metadata
#8 246.6   Downloading orderly_set-5.5.0-py3-none-any.whl.metadata (6.6 kB)
#8 246.9 WARNING: Retrying (Retry(total=4, connect=None, read=None, redirect=None, status=None)) after connection broken by 'NewConnectionError('<pip._vendor.urllib3.connection.HTTPSConnection object at 0xffff8a371790>: Failed to establish a new connection: [Errno -2] Name or service not known')': /importlib-metadata/
#8 247.4 WARNING: Retrying (Retry(total=3, connect=None, read=None, redirect=None, status=None)) after connection broken by 'NewConnectionError('<pip._vendor.urllib3.connection.HTTPSConnection object at 0xffff8a3725d0>: Failed to establish a new connection: [Errno -2] Name or service not known')': /importlib-metadata/
#8 248.4 WARNING: Retrying (Retry(total=2, connect=None, read=None, redirect=None, status=None)) after connection broken by 'NewConnectionError('<pip._vendor.urllib3.connection.HTTPSConnection object at 0xffff8a12d280>: Failed to establish a new connection: [Errno -2] Name or service not known')': /importlib-metadata/
#8 250.5 WARNING: Retrying (Retry(total=1, connect=None, read=None, redirect=None, status=None)) after connection broken by 'NewConnectionError('<pip._vendor.urllib3.connection.HTTPSConnection object at 0xffff8a12da00>: Failed to establish a new connection: [Errno -2] Name or service not known')': /importlib-metadata/
#8 254.5 WARNING: Retrying (Retry(total=0, connect=None, read=None, redirect=None, status=None)) after connection broken by 'NewConnectionError('<pip._vendor.urllib3.connection.HTTPSConnection object at 0xffff8a12df70>: Failed to establish a new connection: [Errno -2] Name or service not known')': /importlib-metadata/
#8 254.6 Collecting importlib_metadata (from diffusers<0.36.0,>=0.27.2->lerobot==0.4.4->lerobot[smolvla]==0.4.4)
#8 254.6   Obtaining dependency information for importlib_metadata from https://files.pythonhosted.org/packages/b3/55/ecca97ae19075f1fac62def77731e7f535e6c1fb8f92ff08160c5e6dade8/importlib_metadata-9.0.1-py3-none-any.whl.metadata
#8 254.6   Downloading importlib_metadata-9.0.1-py3-none-any.whl.metadata (4.5 kB)
#8 256.4 WARNING: Retrying (Retry(total=4, connect=None, read=None, redirect=None, status=None)) after connection broken by 'NewConnectionError('<pip._vendor.urllib3.connection.HTTPSConnection object at 0xffff897f3710>: Failed to establish a new connection: [Errno -2] Name or service not known')': /regex/
#8 256.9 WARNING: Retrying (Retry(total=3, connect=None, read=None, redirect=None, status=None)) after connection broken by 'NewConnectionError('<pip._vendor.urllib3.connection.HTTPSConnection object at 0xffff897f32f0>: Failed to establish a new connection: [Errno -2] Name or service not known')': /regex/
#8 257.9 WARNING: Retrying (Retry(total=2, connect=None, read=None, redirect=None, status=None)) after connection broken by 'NewConnectionError('<pip._vendor.urllib3.connection.HTTPSConnection object at 0xffff897f2db0>: Failed to establish a new connection: [Errno -2] Name or service not known')': /regex/
#8 260.0 WARNING: Retrying (Retry(total=1, connect=None, read=None, redirect=None, status=None)) after connection broken by 'NewConnectionError('<pip._vendor.urllib3.connection.HTTPSConnection object at 0xffff897f0230>: Failed to establish a new connection: [Errno -2] Name or service not known')': /regex/
#8 264.0 WARNING: Retrying (Retry(total=0, connect=None, read=None, redirect=None, status=None)) after connection broken by 'NewConnectionError('<pip._vendor.urllib3.connection.HTTPSConnection object at 0xffff897f0500>: Failed to establish a new connection: [Errno -2] Name or service not known')': /regex/
#8 264.2 Collecting regex!=2019.12.17 (from diffusers<0.36.0,>=0.27.2->lerobot==0.4.4->lerobot[smolvla]==0.4.4)
#8 264.2   Obtaining dependency information for regex!=2019.12.17 from https://files.pythonhosted.org/packages/c9/72/67e7a8ce17f1aea49df215564048efb49cc8c2b31a0e0fc30f36838f8516/regex-2026.9.29-cp312-cp312-manylinux2014_aarch64.manylinux_2_17_aarch64.manylinux_2_28_aarch64.whl.metadata
#8 264.2   Downloading regex-2026.9.29-cp312-cp312-manylinux2014_aarch64.manylinux_2_17_aarch64.manylinux_2_28_aarch64.whl.metadata (40 kB)
#8 264.3 Requirement already satisfied: Pillow in /opt/venv/lib/python3.12/site-packages (from diffusers<0.36.0,>=0.27.2->lerobot==0.4.4->lerobot[smolvla]==0.4.4) (11.2.1)
#8 264.4 WARNING: Retrying (Retry(total=4, connect=None, read=None, redirect=None, status=None)) after connection broken by 'NewConnectionError('<pip._vendor.urllib3.connection.HTTPSConnection object at 0xffff897f3620>: Failed to establish a new connection: [Errno -2] Name or service not known')': /cloudpickle/
#8 265.0 WARNING: Retrying (Retry(total=3, connect=None, read=None, redirect=None, status=None)) after connection broken by 'NewConnectionError('<pip._vendor.urllib3.connection.HTTPSConnection object at 0xffff8a298dd0>: Failed to establish a new connection: [Errno -2] Name or service not known')': /cloudpickle/
#8 266.1 WARNING: Retrying (Retry(total=2, connect=None, read=None, redirect=None, status=None)) after connection broken by 'NewConnectionError('<pip._vendor.urllib3.connection.HTTPSConnection object at 0xffff8a298e00>: Failed to establish a new connection: [Errno -2] Name or service not known')': /cloudpickle/
#8 268.1 WARNING: Retrying (Retry(total=1, connect=None, read=None, redirect=None, status=None)) after connection broken by 'NewConnectionError('<pip._vendor.urllib3.connection.HTTPSConnection object at 0xffff8a299040>: Failed to establish a new connection: [Errno -2] Name or service not known')': /cloudpickle/
#8 272.1 WARNING: Retrying (Retry(total=0, connect=None, read=None, redirect=None, status=None)) after connection broken by 'NewConnectionError('<pip._vendor.urllib3.connection.HTTPSConnection object at 0xffff8a2992b0>: Failed to establish a new connection: [Errno -2] Name or service not known')': /cloudpickle/
#8 272.2 Collecting cloudpickle>=1.2.0 (from gymnasium<2.0.0,>=1.1.1->lerobot==0.4.4->lerobot[smolvla]==0.4.4)
#8 272.2   Obtaining dependency information for cloudpickle>=1.2.0 from https://files.pythonhosted.org/packages/88/39/799be3f2f0f38cc727ee3b4f1445fe6d5e4133064ec2e4115069418a5bb6/cloudpickle-3.1.2-py3-none-any.whl.metadata
#8 272.2   Downloading cloudpickle-3.1.2-py3-none-any.whl.metadata (7.1 kB)
#8 272.2 Requirement already satisfied: typing-extensions>=4.12.0 in /opt/venv/lib/python3.12/site-packages (from gymnasium<2.0.0,>=1.1.1->lerobot==0.4.4->lerobot[smolvla]==0.4.4) (4.13.2)
#8 272.7 WARNING: Retrying (Retry(total=4, connect=None, read=None, redirect=None, status=None)) after connection broken by 'NewConnectionError('<pip._vendor.urllib3.connection.HTTPSConnection object at 0xffff8a299d00>: Failed to establish a new connection: [Errno -2] Name or service not known')': /farama-notifications/
#8 273.2 WARNING: Retrying (Retry(total=3, connect=None, read=None, redirect=None, status=None)) after connection broken by 'NewConnectionError('<pip._vendor.urllib3.connection.HTTPSConnection object at 0xffff8a298c20>: Failed to establish a new connection: [Errno -2] Name or service not known')': /farama-notifications/
#8 274.3 WARNING: Retrying (Retry(total=2, connect=None, read=None, redirect=None, status=None)) after connection broken by 'NewConnectionError('<pip._vendor.urllib3.connection.HTTPSConnection object at 0xffff8a298080>: Failed to establish a new connection: [Errno -2] Name or service not known')': /farama-notifications/
#8 276.3 WARNING: Retrying (Retry(total=1, connect=None, read=None, redirect=None, status=None)) after connection broken by 'NewConnectionError('<pip._vendor.urllib3.connection.HTTPSConnection object at 0xffff8a299f10>: Failed to establish a new connection: [Errno -2] Name or service not known')': /farama-notifications/
#8 280.3 WARNING: Retrying (Retry(total=0, connect=None, read=None, redirect=None, status=None)) after connection broken by 'NewConnectionError('<pip._vendor.urllib3.connection.HTTPSConnection object at 0xffff8a29a210>: Failed to establish a new connection: [Errno -2] Name or service not known')': /farama-notifications/
#8 280.4 Collecting farama-notifications>=0.0.1 (from gymnasium<2.0.0,>=1.1.1->lerobot==0.4.4->lerobot[smolvla]==0.4.4)
#8 280.4   Obtaining dependency information for farama-notifications>=0.0.1 from https://files.pythonhosted.org/packages/7c/f0/21f81892e4ed10f4ec3ef2e7cf8635fb76e7c0907c55d0da66be50094760/farama_notifications-0.0.6-py3-none-any.whl.metadata
#8 280.4   Downloading farama_notifications-0.0.6-py3-none-any.whl.metadata (729 bytes)
#8 280.7 WARNING: Retrying (Retry(total=4, connect=None, read=None, redirect=None, status=None)) after connection broken by 'NewConnectionError('<pip._vendor.urllib3.connection.HTTPSConnection object at 0xffff8a4ef230>: Failed to establish a new connection: [Errno -2] Name or service not known')': /hf-xet/
#8 281.5 WARNING: Retrying (Retry(total=3, connect=None, read=None, redirect=None, status=None)) after connection broken by 'NewConnectionError('<pip._vendor.urllib3.connection.HTTPSConnection object at 0xffff8a12c4a0>: Failed to establish a new connection: [Errno -2] Name or service not known')': /hf-xet/
#8 282.5 WARNING: Retrying (Retry(total=2, connect=None, read=None, redirect=None, status=None)) after connection broken by 'NewConnectionError('<pip._vendor.urllib3.connection.HTTPSConnection object at 0xffff8a12ccb0>: Failed to establish a new connection: [Errno -2] Name or service not known')': /hf-xet/
#8 284.5 WARNING: Retrying (Retry(total=1, connect=None, read=None, redirect=None, status=None)) after connection broken by 'NewConnectionError('<pip._vendor.urllib3.connection.HTTPSConnection object at 0xffff8a12dc40>: Failed to establish a new connection: [Errno -2] Name or service not known')': /hf-xet/
#8 288.5 WARNING: Retrying (Retry(total=0, connect=None, read=None, redirect=None, status=None)) after connection broken by 'NewConnectionError('<pip._vendor.urllib3.connection.HTTPSConnection object at 0xffff8a340680>: Failed to establish a new connection: [Errno -2] Name or service not known')': /hf-xet/
#8 288.6 Collecting hf-xet<2.0.0,>=1.1.3 (from huggingface-hub<0.36.0,>=0.34.2->huggingface-hub[cli,hf-transfer]<0.36.0,>=0.34.2->lerobot==0.4.4->lerobot[smolvla]==0.4.4)
#8 288.6   Obtaining dependency information for hf-xet<2.0.0,>=1.1.3 from https://files.pythonhosted.org/packages/9a/69/1f0cbc2fb22ae6082d094f743d1b8945a3f36f6089cb95f42b7ee348cda7/hf_xet-1.6.0-cp38-abi3-manylinux_2_28_aarch64.whl.metadata
#8 288.7   Downloading hf_xet-1.6.0-cp38-abi3-manylinux_2_28_aarch64.whl.metadata (4.9 kB)
#8 288.8 WARNING: Retrying (Retry(total=4, connect=None, read=None, redirect=None, status=None)) after connection broken by 'NewConnectionError('<pip._vendor.urllib3.connection.HTTPSConnection object at 0xffff8a403260>: Failed to establish a new connection: [Errno -2] Name or service not known')': /inquirerpy/
#8 289.4 WARNING: Retrying (Retry(total=3, connect=None, read=None, redirect=None, status=None)) after connection broken by 'NewConnectionError('<pip._vendor.urllib3.connection.HTTPSConnection object at 0xffff8a403590>: Failed to establish a new connection: [Errno -2] Name or service not known')': /inquirerpy/
#8 290.5 WARNING: Retrying (Retry(total=2, connect=None, read=None, redirect=None, status=None)) after connection broken by 'NewConnectionError('<pip._vendor.urllib3.connection.HTTPSConnection object at 0xffff8a403950>: Failed to establish a new connection: [Errno -2] Name or service not known')': /inquirerpy/
#8 292.5 WARNING: Retrying (Retry(total=1, connect=None, read=None, redirect=None, status=None)) after connection broken by 'NewConnectionError('<pip._vendor.urllib3.connection.HTTPSConnection object at 0xffff8a403980>: Failed to establish a new connection: [Errno -2] Name or service not known')': /inquirerpy/
#8 296.5 WARNING: Retrying (Retry(total=0, connect=None, read=None, redirect=None, status=None)) after connection broken by 'NewConnectionError('<pip._vendor.urllib3.connection.HTTPSConnection object at 0xffff8a7889b0>: Failed to establish a new connection: [Errno -2] Name or service not known')': /inquirerpy/
#8 296.6 Collecting InquirerPy==0.3.4 (from huggingface-hub[cli,hf-transfer]<0.36.0,>=0.34.2->lerobot==0.4.4->lerobot[smolvla]==0.4.4)
#8 296.6   Obtaining dependency information for InquirerPy==0.3.4 from https://files.pythonhosted.org/packages/ce/ff/3b59672c47c6284e8005b42e84ceba13864aa0f39f067c973d1af02f5d91/InquirerPy-0.3.4-py3-none-any.whl.metadata
#8 296.6   Downloading InquirerPy-0.3.4-py3-none-any.whl.metadata (8.1 kB)
#8 296.9 WARNING: Retrying (Retry(total=4, connect=None, read=None, redirect=None, status=None)) after connection broken by 'NewConnectionError('<pip._vendor.urllib3.connection.HTTPSConnection object at 0xffff8a5068d0>: Failed to establish a new connection: [Errno -2] Name or service not known')': /hf-transfer/
#8 297.5 WARNING: Retrying (Retry(total=3, connect=None, read=None, redirect=None, status=None)) after connection broken by 'NewConnectionError('<pip._vendor.urllib3.connection.HTTPSConnection object at 0xffff8a505b20>: Failed to establish a new connection: [Errno -2] Name or service not known')': /hf-transfer/
#8 298.5 WARNING: Retrying (Retry(total=2, connect=None, read=None, redirect=None, status=None)) after connection broken by 'NewConnectionError('<pip._vendor.urllib3.connection.HTTPSConnection object at 0xffff8a343590>: Failed to establish a new connection: [Errno -2] Name or service not known')': /hf-transfer/
#8 300.6 WARNING: Retrying (Retry(total=1, connect=None, read=None, redirect=None, status=None)) after connection broken by 'NewConnectionError('<pip._vendor.urllib3.connection.HTTPSConnection object at 0xffff8a373e00>: Failed to establish a new connection: [Errno -2] Name or service not known')': /hf-transfer/
#8 304.6 WARNING: Retrying (Retry(total=0, connect=None, read=None, redirect=None, status=None)) after connection broken by 'NewConnectionError('<pip._vendor.urllib3.connection.HTTPSConnection object at 0xffff8a373cb0>: Failed to establish a new connection: [Errno -2] Name or service not known')': /hf-transfer/
#8 304.7 Collecting hf-transfer>=0.1.4 (from huggingface-hub[cli,hf-transfer]<0.36.0,>=0.34.2->lerobot==0.4.4->lerobot[smolvla]==0.4.4)
#8 304.7   Obtaining dependency information for hf-transfer>=0.1.4 from https://files.pythonhosted.org/packages/8e/a2/cd7885bc9959421065a6fae0fe67b6c55becdeda4e69b873e52976f9a9f0/hf_transfer-0.1.9-cp38-abi3-manylinux_2_17_aarch64.manylinux2014_aarch64.whl.metadata
#8 305.0   Downloading hf_transfer-0.1.9-cp38-abi3-manylinux_2_17_aarch64.manylinux2014_aarch64.whl.metadata (1.7 kB)
#8 305.2 WARNING: Retrying (Retry(total=4, connect=None, read=None, redirect=None, status=None)) after connection broken by 'NewConnectionError('<pip._vendor.urllib3.connection.HTTPSConnection object at 0xffff8a340b90>: Failed to establish a new connection: [Errno -2] Name or service not known')': /pfzy/
#8 305.8 WARNING: Retrying (Retry(total=3, connect=None, read=None, redirect=None, status=None)) after connection broken by 'NewConnectionError('<pip._vendor.urllib3.connection.HTTPSConnection object at 0xffff8a505730>: Failed to establish a new connection: [Errno -2] Name or service not known')': /pfzy/
#8 306.9 WARNING: Retrying (Retry(total=2, connect=None, read=None, redirect=None, status=None)) after connection broken by 'NewConnectionError('<pip._vendor.urllib3.connection.HTTPSConnection object at 0xffff8a6ffc50>: Failed to establish a new connection: [Errno -2] Name or service not known')': /pfzy/
#8 308.9 WARNING: Retrying (Retry(total=1, connect=None, read=None, redirect=None, status=None)) after connection broken by 'NewConnectionError('<pip._vendor.urllib3.connection.HTTPSConnection object at 0xffff88e7e8d0>: Failed to establish a new connection: [Errno -2] Name or service not known')': /pfzy/
#8 312.9 WARNING: Retrying (Retry(total=0, connect=None, read=None, redirect=None, status=None)) after connection broken by 'NewConnectionError('<pip._vendor.urllib3.connection.HTTPSConnection object at 0xffff88e7df70>: Failed to establish a new connection: [Errno -2] Name or service not known')': /pfzy/
#8 313.0 Collecting pfzy<0.4.0,>=0.3.1 (from InquirerPy==0.3.4->huggingface-hub[cli,hf-transfer]<0.36.0,>=0.34.2->lerobot==0.4.4->lerobot[smolvla]==0.4.4)
#8 313.0   Obtaining dependency information for pfzy<0.4.0,>=0.3.1 from https://files.pythonhosted.org/packages/8c/d7/8ff98376b1acc4503253b685ea09981697385ce344d4e3935c2af49e044d/pfzy-0.3.4-py3-none-any.whl.metadata
#8 313.0   Downloading pfzy-0.3.4-py3-none-any.whl.metadata (4.9 kB)
#8 313.0 Requirement already satisfied: prompt-toolkit<4.0.0,>=3.0.1 in /opt/venv/lib/python3.12/site-packages (from InquirerPy==0.3.4->huggingface-hub[cli,hf-transfer]<0.36.0,>=0.34.2->lerobot==0.4.4->lerobot[smolvla]==0.4.4) (3.0.51)
#8 313.3 WARNING: Retrying (Retry(total=4, connect=None, read=None, redirect=None, status=None)) after connection broken by 'NewConnectionError('<pip._vendor.urllib3.connection.HTTPSConnection object at 0xffff8a7fb5f0>: Failed to establish a new connection: [Errno -2] Name or service not known')': /imageio-ffmpeg/
#8 314.0 WARNING: Retrying (Retry(total=3, connect=None, read=None, redirect=None, status=None)) after connection broken by 'NewConnectionError('<pip._vendor.urllib3.connection.HTTPSConnection object at 0xffff8abeb7a0>: Failed to establish a new connection: [Errno -2] Name or service not known')': /imageio-ffmpeg/
#8 315.1 WARNING: Retrying (Retry(total=2, connect=None, read=None, redirect=None, status=None)) after connection broken by 'NewConnectionError('<pip._vendor.urllib3.connection.HTTPSConnection object at 0xffff8a373200>: Failed to establish a new connection: [Errno -2] Name or service not known')': /imageio-ffmpeg/
#8 317.1 WARNING: Retrying (Retry(total=1, connect=None, read=None, redirect=None, status=None)) after connection broken by 'NewConnectionError('<pip._vendor.urllib3.connection.HTTPSConnection object at 0xffff8a205eb0>: Failed to establish a new connection: [Errno -2] Name or service not known')': /imageio-ffmpeg/
#8 321.1 WARNING: Retrying (Retry(total=0, connect=None, read=None, redirect=None, status=None)) after connection broken by 'NewConnectionError('<pip._vendor.urllib3.connection.HTTPSConnection object at 0xffff8a2065a0>: Failed to establish a new connection: [Errno -2] Name or service not known')': /imageio-ffmpeg/
#8 321.2 Collecting imageio-ffmpeg (from imageio[ffmpeg]<3.0.0,>=2.34.0->lerobot==0.4.4->lerobot[smolvla]==0.4.4)
#8 321.2   Obtaining dependency information for imageio-ffmpeg from https://files.pythonhosted.org/packages/33/e7/1925bfbc563c39c1d2e82501d8372734a5c725e53ac3b31b4c2d081e895b/imageio_ffmpeg-0.6.0-py3-none-manylinux2014_aarch64.whl.metadata
#8 321.3   Downloading imageio_ffmpeg-0.6.0-py3-none-manylinux2014_aarch64.whl.metadata (1.5 kB)
#8 321.3 Requirement already satisfied: attrs>=19.2.0 in /opt/venv/lib/python3.12/site-packages (from jsonlines<5.0.0,>=4.0.0->lerobot==0.4.4->lerobot[smolvla]==0.4.4) (25.3.0)
#8 321.5 WARNING: Retrying (Retry(total=4, connect=None, read=None, redirect=None, status=None)) after connection broken by 'NewConnectionError('<pip._vendor.urllib3.connection.HTTPSConnection object at 0xffff8a402570>: Failed to establish a new connection: [Errno -2] Name or service not known')': /docopt/
#8 322.1 WARNING: Retrying (Retry(total=3, connect=None, read=None, redirect=None, status=None)) after connection broken by 'NewConnectionError('<pip._vendor.urllib3.connection.HTTPSConnection object at 0xffff8a403c80>: Failed to establish a new connection: [Errno -2] Name or service not known')': /docopt/
#8 323.1 WARNING: Retrying (Retry(total=2, connect=None, read=None, redirect=None, status=None)) after connection broken by 'NewConnectionError('<pip._vendor.urllib3.connection.HTTPSConnection object at 0xffff8a403ec0>: Failed to establish a new connection: [Errno -2] Name or service not known')': /docopt/
#8 325.2 WARNING: Retrying (Retry(total=1, connect=None, read=None, redirect=None, status=None)) after connection broken by 'NewConnectionError('<pip._vendor.urllib3.connection.HTTPSConnection object at 0xffff8a4034d0>: Failed to establish a new connection: [Errno -2] Name or service not known')': /docopt/
#8 329.2 WARNING: Retrying (Retry(total=0, connect=None, read=None, redirect=None, status=None)) after connection broken by 'NewConnectionError('<pip._vendor.urllib3.connection.HTTPSConnection object at 0xffff8a5077d0>: Failed to establish a new connection: [Errno -2] Name or service not known')': /docopt/
#8 329.3 INFO: pip is looking at multiple versions of num2words to determine which version is compatible with other requirements. This could take a while.
#8 329.3 ERROR: Could not find a version that satisfies the requirement docopt>=0.6.2 (from num2words) (from versions: none)
#8 329.3 ERROR: No matching distribution found for docopt>=0.6.2
#8 ERROR: process "/bin/bash -c python3 -m pip install -c /opt/base_constraints.txt --only-binary=:all:       --index-url https://pypi.org/simple       'lerobot[smolvla]==0.4.4'  && (python3 -m pip check || echo \"pip check reported issues above -- informational; the import gate below is the real check.\")" did not complete successfully: exit code: 1
------
 > [5/7] RUN python3 -m pip install -c /opt/base_constraints.txt --only-binary=:all:       --index-url https://pypi.org/simple       'lerobot[smolvla]==0.4.4'  && (python3 -m pip check || echo "pip check reported issues above -- informational; the import gate below is the real check."):
321.3   Downloading imageio_ffmpeg-0.6.0-py3-none-manylinux2014_aarch64.whl.metadata (1.5 kB)
321.3 Requirement already satisfied: attrs>=19.2.0 in /opt/venv/lib/python3.12/site-packages (from jsonlines<5.0.0,>=4.0.0->lerobot==0.4.4->lerobot[smolvla]==0.4.4) (25.3.0)
321.5 WARNING: Retrying (Retry(total=4, connect=None, read=None, redirect=None, status=None)) after connection broken by 'NewConnectionError('<pip._vendor.urllib3.connection.HTTPSConnection object at 0xffff8a402570>: Failed to establish a new connection: [Errno -2] Name or service not known')': /docopt/
322.1 WARNING: Retrying (Retry(total=3, connect=None, read=None, redirect=None, status=None)) after connection broken by 'NewConnectionError('<pip._vendor.urllib3.connection.HTTPSConnection object at 0xffff8a403c80>: Failed to establish a new connection: [Errno -2] Name or service not known')': /docopt/
323.1 WARNING: Retrying (Retry(total=2, connect=None, read=None, redirect=None, status=None)) after connection broken by 'NewConnectionError('<pip._vendor.urllib3.connection.HTTPSConnection object at 0xffff8a403ec0>: Failed to establish a new connection: [Errno -2] Name or service not known')': /docopt/
325.2 WARNING: Retrying (Retry(total=1, connect=None, read=None, redirect=None, status=None)) after connection broken by 'NewConnectionError('<pip._vendor.urllib3.connection.HTTPSConnection object at 0xffff8a4034d0>: Failed to establish a new connection: [Errno -2] Name or service not known')': /docopt/
329.2 WARNING: Retrying (Retry(total=0, connect=None, read=None, redirect=None, status=None)) after connection broken by 'NewConnectionError('<pip._vendor.urllib3.connection.HTTPSConnection object at 0xffff8a5077d0>: Failed to establish a new connection: [Errno -2] Name or service not known')': /docopt/
329.3 INFO: pip is looking at multiple versions of num2words to determine which version is compatible with other requirements. This could take a while.
329.3 ERROR: Could not find a version that satisfies the requirement docopt>=0.6.2 (from num2words) (from versions: none)
329.3 ERROR: No matching distribution found for docopt>=0.6.2
------
Dockerfile.arm2-lerobot:44
--------------------
  43 |     # below pins plain PyPI explicitly. [smolvla] = lerobot's own declared extra (transformers<5, accelerate, ...).
  44 | >>> RUN python3 -m pip install -c /opt/base_constraints.txt --only-binary=:all: \
  45 | >>>       --index-url https://pypi.org/simple \
  46 | >>>       'lerobot[smolvla]==0.4.4' \
  47 | >>>  && (python3 -m pip check || echo "pip check reported issues above -- informational; the import gate below is the real check.")
  48 |     
--------------------
ERROR: failed to build: failed to solve: process "/bin/bash -c python3 -m pip install -c /opt/base_constraints.txt --only-binary=:all:       --index-url https://pypi.org/simple       'lerobot[smolvla]==0.4.4'  && (python3 -m pip check || echo \"pip check reported issues above -- informational; the import gate below is the real check.\")" did not complete successfully: exit code: 1
