#0 building with "default" instance using docker driver

#1 [internal] load build definition from Dockerfile.arm2-transformers4-torch27
#1 transferring dockerfile: 5.62kB done
#1 DONE 0.0s

#2 [internal] load metadata for docker.io/dustynv/pytorch:2.7-r36.4.0-cu128-24.04
#2 DONE 1.6s

#3 [internal] load .dockerignore
#3 transferring context: 2B done
#3 DONE 0.0s

#4 [internal] load build context
#4 DONE 0.0s

#5 [1/7] FROM docker.io/dustynv/pytorch:2.7-r36.4.0-cu128-24.04@sha256:4bb7f0a3852f86629ed271aaf6c4aa000305cc4e4673b8e9f334668ee1b22bc8
#5 resolve docker.io/dustynv/pytorch:2.7-r36.4.0-cu128-24.04@sha256:4bb7f0a3852f86629ed271aaf6c4aa000305cc4e4673b8e9f334668ee1b22bc8 0.0s done
#5 DONE 0.0s

#4 [internal] load build context
#4 transferring context: 105B done
#4 DONE 0.0s

#6 [2/7] RUN python3 -m pip freeze --exclude-editable > /opt/base_constraints.txt  && python3 -c "import numpy, torch; print('base numpy', numpy.__version__, 'torch', torch.__version__, 'cuda_available', torch.cuda.is_available())"  && python3 -c "assert tuple(map(int, __import__('torch').__version__.split('+')[0].split('.')[:2])) >= (2, 5), 'torch < 2.5 -- this image exists specifically to fix enable_gqa, wrong base if this fails'; print('torch >= 2.5: OK')"  && python3 -c "import torchvision; print('base torchvision', torchvision.__version__)"
#6 CACHED

#7 [3/7] RUN python3 -c "import cv2, cv2.aruco"  || python3 -m pip install -c /opt/base_constraints.txt --only-binary=:all:       --index-url https://pypi.org/simple opencv-contrib-python-headless
#7 CACHED

#8 [4/7] COPY requirements-jetson-arm2-common.txt requirements-jetson-arm2.txt /opt/arm2reqs/
#8 CACHED

#9 [5/7] RUN python3 -m pip install -c /opt/base_constraints.txt --only-binary=:all:       --index-url https://pypi.org/simple       -r /opt/arm2reqs/requirements-jetson-arm2.txt  && (python3 -m pip check || echo "pip check reported issues above -- informational only, see both       existing Arm 2 Dockerfiles' matching comment for why.")
#9 CACHED

#10 [6/7] RUN python3 -m pip freeze --exclude-editable | grep -E '^(numpy|torch|torchvision)=='  && python3 -c "import cv2; print('cv2', cv2.__version__, 'aruco', hasattr(cv2, 'aruco'))"  && python3 -c "import timm, einops, torchvision; print('timm', timm.__version__, 'einops', einops.__version__)"  && python3 -c "import torch, transformers as tr; major = int(tr.__version__.split('.')[0]); torch_ok = tuple(map(int, torch.__version__.split('+')[0].split('.')[:2])) >= (2, 5); print('transformers', tr.__version__, 'torch', torch.__version__); assert major < 5, f'transformers {tr.__version__} is >=5 -- Moondream2 needs <5, this image is built wrong'; assert torch_ok, 'torch < 2.5 -- this image exists specifically to fix enable_gqa, wrong base if this fails'; q = torch.zeros(1, 4, 2, 8); k = torch.zeros(1, 2, 2, 8); v = torch.zeros(1, 2, 2, 8); torch.nn.functional.scaled_dot_product_attention(q, k, v, enable_gqa=True); print('transformers <5: OK  torch >=2.5: OK  enable_gqa functional call: OK')"
#10 0.879 numpy==2.2.4
#10 0.879 torch==2.7.0
#10 0.879 torchvision==0.22.0
#10 1.035 cv2 5.0.0 aruco True
#10 5.274 timm 1.0.30 einops 0.8.2
#10 9.296 transformers 4.57.6 torch 2.7.0
#10 9.306 transformers <5: OK  torch >=2.5: OK  enable_gqa functional call: OK
#10 DONE 10.1s

#11 [7/7] WORKDIR /workspace/VRI_2026
#11 DONE 0.1s

#12 exporting to image
#12 exporting layers
#12 exporting layers 32.0s done
#12 exporting manifest sha256:9bc3457ca8a25078a219705aedbe41632a4de4682362536baa61d725c94d920b 0.0s done
#12 exporting config sha256:be49f280f0bce66b882a5b9882c85b022c36c9a974ada0eb137728afff2473e9 0.0s done
#12 exporting attestation manifest sha256:2795ebe8642cb5e712383823d87543ffa26a9a2aac3e91fcfe3fd84319fb3c3d 0.0s done
#12 exporting manifest list sha256:1379f1ed44990dc509d630eb730fef88058a28e3e9239ef9f5002c9f64e33f8a
#12 exporting manifest list sha256:1379f1ed44990dc509d630eb730fef88058a28e3e9239ef9f5002c9f64e33f8a 0.0s done
#12 naming to docker.io/library/arm2-t4-alt:r36.4.0 done
#12 unpacking to docker.io/library/arm2-t4-alt:r36.4.0
#12 unpacking to docker.io/library/arm2-t4-alt:r36.4.0 7.1s done
#12 DONE 39.5s
